<?xml version="1.0" encoding="ISO-8859-1" ?>
<link_info>
   <banner>TI ARM Linker PC v19.6.0.STS</banner>
   <copyright>Copyright (c) 1996-2018 Texas Instruments Incorporated</copyright>
   <link_time>0x68061084</link_time>
   <link_errors>0x0</link_errors>
   <output_file>blinky.out</output_file>
   <entry_point>
      <name>_c_int00_noargs</name>
      <address>0x179d</address>
   </entry_point>
   <input_file_list>
      <input_file id="fl-2">
         <path>.\</path>
         <kind>object</kind>
         <file>ads131m0x.obj</file>
         <name>ads131m0x.obj</name>
      </input_file>
      <input_file id="fl-3">
         <path>.\</path>
         <kind>object</kind>
         <file>blinky.obj</file>
         <name>blinky.obj</name>
      </input_file>
      <input_file id="fl-4">
         <path>.\</path>
         <kind>object</kind>
         <file>hal.obj</file>
         <name>hal.obj</name>
      </input_file>
      <input_file id="fl-5">
         <path>.\</path>
         <kind>object</kind>
         <file>startup_ccs.obj</file>
         <name>startup_ccs.obj</name>
      </input_file>
      <input_file id="fl-a">
         <kind>object</kind>
         <file>&lt;internal&gt;</file>
         <name>&lt;internal&gt;</name>
      </input_file>
      <input_file id="fl-b">
         <path>C:\ti\TivaWare_C_Series-2.2.0.295\driverlib\ccs\Debug\</path>
         <kind>archive</kind>
         <file>driverlib.lib</file>
         <name>gpio.obj</name>
      </input_file>
      <input_file id="fl-c">
         <path>C:\ti\TivaWare_C_Series-2.2.0.295\driverlib\ccs\Debug\</path>
         <kind>archive</kind>
         <file>driverlib.lib</file>
         <name>interrupt.obj</name>
      </input_file>
      <input_file id="fl-d">
         <path>C:\ti\TivaWare_C_Series-2.2.0.295\driverlib\ccs\Debug\</path>
         <kind>archive</kind>
         <file>driverlib.lib</file>
         <name>ssi.obj</name>
      </input_file>
      <input_file id="fl-e">
         <path>C:\ti\TivaWare_C_Series-2.2.0.295\driverlib\ccs\Debug\</path>
         <kind>archive</kind>
         <file>driverlib.lib</file>
         <name>sysctl.obj</name>
      </input_file>
      <input_file id="fl-f">
         <path>C:\ti\TivaWare_C_Series-2.2.0.295\driverlib\ccs\Debug\</path>
         <kind>archive</kind>
         <file>driverlib.lib</file>
         <name>cpu.obj</name>
      </input_file>
      <input_file id="fl-c5">
         <path>C:\ti\drivers\ARM Code Generation Tools v19.6.0.STS\lib\</path>
         <kind>archive</kind>
         <file>rtsv7M4_T_le_v4SPD16_eabi.lib</file>
         <name>memset_t2.asm.obj</name>
      </input_file>
      <input_file id="fl-c6">
         <path>C:\ti\drivers\ARM Code Generation Tools v19.6.0.STS\lib\</path>
         <kind>archive</kind>
         <file>rtsv7M4_T_le_v4SPD16_eabi.lib</file>
         <name>copy_zero_init.c.obj</name>
      </input_file>
      <input_file id="fl-c7">
         <path>C:\ti\drivers\ARM Code Generation Tools v19.6.0.STS\lib\</path>
         <kind>archive</kind>
         <file>rtsv7M4_T_le_v4SPD16_eabi.lib</file>
         <name>copy_decompress_none.c.obj</name>
      </input_file>
      <input_file id="fl-c8">
         <path>C:\ti\drivers\ARM Code Generation Tools v19.6.0.STS\lib\</path>
         <kind>archive</kind>
         <file>rtsv7M4_T_le_v4SPD16_eabi.lib</file>
         <name>copy_decompress_lzss.c.obj</name>
      </input_file>
      <input_file id="fl-c9">
         <path>C:\ti\drivers\ARM Code Generation Tools v19.6.0.STS\lib\</path>
         <kind>archive</kind>
         <file>rtsv7M4_T_le_v4SPD16_eabi.lib</file>
         <name>assert.c.obj</name>
      </input_file>
      <input_file id="fl-ca">
         <path>C:\ti\drivers\ARM Code Generation Tools v19.6.0.STS\lib\</path>
         <kind>archive</kind>
         <file>rtsv7M4_T_le_v4SPD16_eabi.lib</file>
         <name>defs.c.obj</name>
      </input_file>
      <input_file id="fl-cb">
         <path>C:\ti\drivers\ARM Code Generation Tools v19.6.0.STS\lib\</path>
         <kind>archive</kind>
         <file>rtsv7M4_T_le_v4SPD16_eabi.lib</file>
         <name>boot_cortex_m.c.obj</name>
      </input_file>
      <input_file id="fl-cc">
         <path>C:\ti\drivers\ARM Code Generation Tools v19.6.0.STS\lib\</path>
         <kind>archive</kind>
         <file>rtsv7M4_T_le_v4SPD16_eabi.lib</file>
         <name>fflush.c.obj</name>
      </input_file>
      <input_file id="fl-cd">
         <path>C:\ti\drivers\ARM Code Generation Tools v19.6.0.STS\lib\</path>
         <kind>archive</kind>
         <file>rtsv7M4_T_le_v4SPD16_eabi.lib</file>
         <name>fputs.c.obj</name>
      </input_file>
      <input_file id="fl-ce">
         <path>C:\ti\drivers\ARM Code Generation Tools v19.6.0.STS\lib\</path>
         <kind>archive</kind>
         <file>rtsv7M4_T_le_v4SPD16_eabi.lib</file>
         <name>_io_perm.c.obj</name>
      </input_file>
      <input_file id="fl-cf">
         <path>C:\ti\drivers\ARM Code Generation Tools v19.6.0.STS\lib\</path>
         <kind>archive</kind>
         <file>rtsv7M4_T_le_v4SPD16_eabi.lib</file>
         <name>setvbuf.c.obj</name>
      </input_file>
      <input_file id="fl-d0">
         <path>C:\ti\drivers\ARM Code Generation Tools v19.6.0.STS\lib\</path>
         <kind>archive</kind>
         <file>rtsv7M4_T_le_v4SPD16_eabi.lib</file>
         <name>memcpy_t2.asm.obj</name>
      </input_file>
      <input_file id="fl-d1">
         <path>C:\ti\drivers\ARM Code Generation Tools v19.6.0.STS\lib\</path>
         <kind>archive</kind>
         <file>rtsv7M4_T_le_v4SPD16_eabi.lib</file>
         <name>autoinit.c.obj</name>
      </input_file>
      <input_file id="fl-d2">
         <path>C:\ti\drivers\ARM Code Generation Tools v19.6.0.STS\lib\</path>
         <kind>archive</kind>
         <file>rtsv7M4_T_le_v4SPD16_eabi.lib</file>
         <name>pre_init.c.obj</name>
      </input_file>
      <input_file id="fl-d3">
         <path>C:\ti\drivers\ARM Code Generation Tools v19.6.0.STS\lib\</path>
         <kind>archive</kind>
         <file>rtsv7M4_T_le_v4SPD16_eabi.lib</file>
         <name>cpy_tbl.c.obj</name>
      </input_file>
      <input_file id="fl-d4">
         <path>C:\ti\drivers\ARM Code Generation Tools v19.6.0.STS\lib\</path>
         <kind>archive</kind>
         <file>rtsv7M4_T_le_v4SPD16_eabi.lib</file>
         <name>exit.c.obj</name>
      </input_file>
      <input_file id="fl-d5">
         <path>C:\ti\drivers\ARM Code Generation Tools v19.6.0.STS\lib\</path>
         <kind>archive</kind>
         <file>rtsv7M4_T_le_v4SPD16_eabi.lib</file>
         <name>_lock.c.obj</name>
      </input_file>
      <input_file id="fl-d6">
         <path>C:\ti\drivers\ARM Code Generation Tools v19.6.0.STS\lib\</path>
         <kind>archive</kind>
         <file>rtsv7M4_T_le_v4SPD16_eabi.lib</file>
         <name>args_main.c.obj</name>
      </input_file>
      <input_file id="fl-d7">
         <path>C:\ti\drivers\ARM Code Generation Tools v19.6.0.STS\lib\</path>
         <kind>archive</kind>
         <file>rtsv7M4_T_le_v4SPD16_eabi.lib</file>
         <name>memchr.c.obj</name>
      </input_file>
      <input_file id="fl-d8">
         <path>C:\ti\drivers\ARM Code Generation Tools v19.6.0.STS\lib\</path>
         <kind>archive</kind>
         <file>rtsv7M4_T_le_v4SPD16_eabi.lib</file>
         <name>memory.c.obj</name>
      </input_file>
      <input_file id="fl-d9">
         <path>C:\ti\drivers\ARM Code Generation Tools v19.6.0.STS\lib\</path>
         <kind>archive</kind>
         <file>rtsv7M4_T_le_v4SPD16_eabi.lib</file>
         <name>strlen.c.obj</name>
      </input_file>
      <input_file id="fl-da">
         <path>C:\ti\drivers\ARM Code Generation Tools v19.6.0.STS\lib\</path>
         <kind>archive</kind>
         <file>rtsv7M4_T_le_v4SPD16_eabi.lib</file>
         <name>write.c.obj</name>
      </input_file>
      <input_file id="fl-db">
         <path>C:\ti\drivers\ARM Code Generation Tools v19.6.0.STS\lib\</path>
         <kind>archive</kind>
         <file>rtsv7M4_T_le_v4SPD16_eabi.lib</file>
         <name>host_device.c.obj</name>
      </input_file>
      <input_file id="fl-dc">
         <path>C:\ti\drivers\ARM Code Generation Tools v19.6.0.STS\lib\</path>
         <kind>archive</kind>
         <file>rtsv7M4_T_le_v4SPD16_eabi.lib</file>
         <name>fopen.c.obj</name>
      </input_file>
      <input_file id="fl-dd">
         <path>C:\ti\drivers\ARM Code Generation Tools v19.6.0.STS\lib\</path>
         <kind>archive</kind>
         <file>rtsv7M4_T_le_v4SPD16_eabi.lib</file>
         <name>fseek.c.obj</name>
      </input_file>
      <input_file id="fl-de">
         <path>C:\ti\drivers\ARM Code Generation Tools v19.6.0.STS\lib\</path>
         <kind>archive</kind>
         <file>rtsv7M4_T_le_v4SPD16_eabi.lib</file>
         <name>hostclose.c.obj</name>
      </input_file>
      <input_file id="fl-df">
         <path>C:\ti\drivers\ARM Code Generation Tools v19.6.0.STS\lib\</path>
         <kind>archive</kind>
         <file>rtsv7M4_T_le_v4SPD16_eabi.lib</file>
         <name>hostlseek.c.obj</name>
      </input_file>
      <input_file id="fl-e0">
         <path>C:\ti\drivers\ARM Code Generation Tools v19.6.0.STS\lib\</path>
         <kind>archive</kind>
         <file>rtsv7M4_T_le_v4SPD16_eabi.lib</file>
         <name>hostopen.c.obj</name>
      </input_file>
      <input_file id="fl-e1">
         <path>C:\ti\drivers\ARM Code Generation Tools v19.6.0.STS\lib\</path>
         <kind>archive</kind>
         <file>rtsv7M4_T_le_v4SPD16_eabi.lib</file>
         <name>hostread.c.obj</name>
      </input_file>
      <input_file id="fl-e2">
         <path>C:\ti\drivers\ARM Code Generation Tools v19.6.0.STS\lib\</path>
         <kind>archive</kind>
         <file>rtsv7M4_T_le_v4SPD16_eabi.lib</file>
         <name>hostrename.c.obj</name>
      </input_file>
      <input_file id="fl-e3">
         <path>C:\ti\drivers\ARM Code Generation Tools v19.6.0.STS\lib\</path>
         <kind>archive</kind>
         <file>rtsv7M4_T_le_v4SPD16_eabi.lib</file>
         <name>hostunlink.c.obj</name>
      </input_file>
      <input_file id="fl-e4">
         <path>C:\ti\drivers\ARM Code Generation Tools v19.6.0.STS\lib\</path>
         <kind>archive</kind>
         <file>rtsv7M4_T_le_v4SPD16_eabi.lib</file>
         <name>hostwrite.c.obj</name>
      </input_file>
      <input_file id="fl-e5">
         <path>C:\ti\drivers\ARM Code Generation Tools v19.6.0.STS\lib\</path>
         <kind>archive</kind>
         <file>rtsv7M4_T_le_v4SPD16_eabi.lib</file>
         <name>trgmsg.c.obj</name>
      </input_file>
      <input_file id="fl-e6">
         <path>C:\ti\drivers\ARM Code Generation Tools v19.6.0.STS\lib\</path>
         <kind>archive</kind>
         <file>rtsv7M4_T_le_v4SPD16_eabi.lib</file>
         <name>open.c.obj</name>
      </input_file>
      <input_file id="fl-e7">
         <path>C:\ti\drivers\ARM Code Generation Tools v19.6.0.STS\lib\</path>
         <kind>archive</kind>
         <file>rtsv7M4_T_le_v4SPD16_eabi.lib</file>
         <name>lseek.c.obj</name>
      </input_file>
      <input_file id="fl-e8">
         <path>C:\ti\drivers\ARM Code Generation Tools v19.6.0.STS\lib\</path>
         <kind>archive</kind>
         <file>rtsv7M4_T_le_v4SPD16_eabi.lib</file>
         <name>fclose.c.obj</name>
      </input_file>
      <input_file id="fl-e9">
         <path>C:\ti\drivers\ARM Code Generation Tools v19.6.0.STS\lib\</path>
         <kind>archive</kind>
         <file>rtsv7M4_T_le_v4SPD16_eabi.lib</file>
         <name>getdevice.c.obj</name>
      </input_file>
      <input_file id="fl-ea">
         <path>C:\ti\drivers\ARM Code Generation Tools v19.6.0.STS\lib\</path>
         <kind>archive</kind>
         <file>rtsv7M4_T_le_v4SPD16_eabi.lib</file>
         <name>strchr.c.obj</name>
      </input_file>
      <input_file id="fl-eb">
         <path>C:\ti\drivers\ARM Code Generation Tools v19.6.0.STS\lib\</path>
         <kind>archive</kind>
         <file>rtsv7M4_T_le_v4SPD16_eabi.lib</file>
         <name>strcmp.c.obj</name>
      </input_file>
      <input_file id="fl-ec">
         <path>C:\ti\drivers\ARM Code Generation Tools v19.6.0.STS\lib\</path>
         <kind>archive</kind>
         <file>rtsv7M4_T_le_v4SPD16_eabi.lib</file>
         <name>strcpy.c.obj</name>
      </input_file>
      <input_file id="fl-ed">
         <path>C:\ti\drivers\ARM Code Generation Tools v19.6.0.STS\lib\</path>
         <kind>archive</kind>
         <file>rtsv7M4_T_le_v4SPD16_eabi.lib</file>
         <name>strncpy.c.obj</name>
      </input_file>
      <input_file id="fl-ee">
         <path>C:\ti\drivers\ARM Code Generation Tools v19.6.0.STS\lib\</path>
         <kind>archive</kind>
         <file>rtsv7M4_T_le_v4SPD16_eabi.lib</file>
         <name>remove.c.obj</name>
      </input_file>
      <input_file id="fl-ef">
         <path>C:\ti\drivers\ARM Code Generation Tools v19.6.0.STS\lib\</path>
         <kind>archive</kind>
         <file>rtsv7M4_T_le_v4SPD16_eabi.lib</file>
         <name>close.c.obj</name>
      </input_file>
      <input_file id="fl-f0">
         <path>C:\ti\drivers\ARM Code Generation Tools v19.6.0.STS\lib\</path>
         <kind>archive</kind>
         <file>rtsv7M4_T_le_v4SPD16_eabi.lib</file>
         <name>unlink.c.obj</name>
      </input_file>
   </input_file_list>
   <object_component_list>
      <object_component id="oc-13">
         <name>.intvecs</name>
         <load_address>0x0</load_address>
         <run_address>0x0</run_address>
         <size>0x200</size>
         <input_file_ref idref="fl-5"/>
      </object_component>
      <object_component id="oc-185">
         <name>.text:sendCommand</name>
         <load_address>0x200</load_address>
         <run_address>0x200</run_address>
         <size>0x256</size>
         <input_file_ref idref="fl-2"/>
      </object_component>
      <object_component id="oc-37">
         <name>.text:FaultISR</name>
         <load_address>0x456</load_address>
         <run_address>0x456</run_address>
         <size>0x2</size>
         <input_file_ref idref="fl-5"/>
      </object_component>
      <object_component id="oc-15f">
         <name>.text:GPIOPadConfigSet</name>
         <load_address>0x458</load_address>
         <run_address>0x458</run_address>
         <size>0x16c</size>
         <input_file_ref idref="fl-b"/>
      </object_component>
      <object_component id="oc-1c4">
         <name>.text:SysCtlClockGet</name>
         <load_address>0x5c4</load_address>
         <run_address>0x5c4</run_address>
         <size>0x118</size>
         <input_file_ref idref="fl-e"/>
      </object_component>
      <object_component id="oc-234">
         <name>.text:fputs</name>
         <load_address>0x6dc</load_address>
         <run_address>0x6dc</run_address>
         <size>0x114</size>
         <input_file_ref idref="fl-cd"/>
      </object_component>
      <object_component id="oc-323">
         <name>.text:aligned_alloc</name>
         <load_address>0x7f0</load_address>
         <run_address>0x7f0</run_address>
         <size>0xf0</size>
         <input_file_ref idref="fl-d8"/>
      </object_component>
      <object_component id="oc-2e1">
         <name>.text:free</name>
         <load_address>0x8e0</load_address>
         <run_address>0x8e0</run_address>
         <size>0xe8</size>
         <input_file_ref idref="fl-d8"/>
      </object_component>
      <object_component id="oc-2bb">
         <name>.text:setvbuf</name>
         <load_address>0x9c8</load_address>
         <run_address>0x9c8</run_address>
         <size>0xdc</size>
         <input_file_ref idref="fl-cf"/>
      </object_component>
      <object_component id="oc-18b">
         <name>.text:writeSingleRegister</name>
         <load_address>0xaa4</load_address>
         <run_address>0xaa4</run_address>
         <size>0xbc</size>
         <input_file_ref idref="fl-2"/>
      </object_component>
      <object_component id="oc-203">
         <name>.text:readSingleRegister</name>
         <load_address>0xb60</load_address>
         <run_address>0xb60</run_address>
         <size>0xb0</size>
         <input_file_ref idref="fl-2"/>
      </object_component>
      <object_component id="oc-51">
         <name>.text</name>
         <load_address>0xc10</load_address>
         <run_address>0xc10</run_address>
         <size>0x9c</size>
         <input_file_ref idref="fl-d0"/>
      </object_component>
      <object_component id="oc-23a">
         <name>.text:fflush</name>
         <load_address>0xcac</load_address>
         <run_address>0xcac</run_address>
         <size>0x7c</size>
         <input_file_ref idref="fl-cc"/>
      </object_component>
      <object_component id="oc-368">
         <name>.text:split</name>
         <load_address>0xd28</load_address>
         <run_address>0xd28</run_address>
         <size>0x7c</size>
         <input_file_ref idref="fl-d8"/>
      </object_component>
      <object_component id="oc-1fd">
         <name>.text:spiSendReceiveArrays</name>
         <load_address>0xda4</load_address>
         <run_address>0xda4</run_address>
         <size>0x7b</size>
         <input_file_ref idref="fl-4"/>
      </object_component>
      <object_component id="oc-ac">
         <name>.text</name>
         <load_address>0xe20</load_address>
         <run_address>0xe20</run_address>
         <size>0x7a</size>
         <input_file_ref idref="fl-c5"/>
      </object_component>
      <object_component id="oc-3d">
         <name>.text:IntDefaultHandler</name>
         <load_address>0xe9a</load_address>
         <run_address>0xe9a</run_address>
         <size>0x2</size>
         <input_file_ref idref="fl-5"/>
      </object_component>
      <object_component id="oc-32a">
         <name>.text:__TI_closefile</name>
         <load_address>0xe9c</load_address>
         <run_address>0xe9c</run_address>
         <size>0x74</size>
         <input_file_ref idref="fl-e8"/>
      </object_component>
      <object_component id="oc-34b">
         <name>.text:HOSTlseek</name>
         <load_address>0xf10</load_address>
         <run_address>0xf10</run_address>
         <size>0x68</size>
         <input_file_ref idref="fl-df"/>
      </object_component>
      <object_component id="oc-357">
         <name>.text:HOSTrename</name>
         <load_address>0xf78</load_address>
         <run_address>0xf78</run_address>
         <size>0x68</size>
         <input_file_ref idref="fl-e2"/>
      </object_component>
      <object_component id="oc-16">
         <name>.text:decompress:lzss:__TI_decompress_lzss</name>
         <load_address>0xfe0</load_address>
         <run_address>0xfe0</run_address>
         <size>0x68</size>
         <input_file_ref idref="fl-c8"/>
      </object_component>
      <object_component id="oc-245">
         <name>.text:getRegisterValue</name>
         <load_address>0x1048</load_address>
         <run_address>0x1048</run_address>
         <size>0x68</size>
         <input_file_ref idref="fl-2"/>
      </object_component>
      <object_component id="oc-b8">
         <name>.text:main</name>
         <load_address>0x10b0</load_address>
         <run_address>0x10b0</run_address>
         <size>0x68</size>
         <input_file_ref idref="fl-3"/>
      </object_component>
      <object_component id="oc-2b5">
         <name>.text:fseek</name>
         <load_address>0x1118</load_address>
         <run_address>0x1118</run_address>
         <size>0x64</size>
         <input_file_ref idref="fl-dd"/>
      </object_component>
      <object_component id="oc-27c">
         <name>.text:__TI_wrt_ok</name>
         <load_address>0x117c</load_address>
         <run_address>0x117c</run_address>
         <size>0x62</size>
         <input_file_ref idref="fl-ce"/>
      </object_component>
      <object_component id="oc-31">
         <name>.text:NmiSR</name>
         <load_address>0x11de</load_address>
         <run_address>0x11de</run_address>
         <size>0x2</size>
         <input_file_ref idref="fl-5"/>
      </object_component>
      <object_component id="oc-333">
         <name>.text:HOSTopen</name>
         <load_address>0x11e0</load_address>
         <run_address>0x11e0</run_address>
         <size>0x60</size>
         <input_file_ref idref="fl-e0"/>
      </object_component>
      <object_component id="oc-36f">
         <name>.text:close</name>
         <load_address>0x1240</load_address>
         <run_address>0x1240</run_address>
         <size>0x5c</size>
         <input_file_ref idref="fl-ef"/>
      </object_component>
      <object_component id="oc-17f">
         <name>.text:restoreRegisterDefaults</name>
         <load_address>0x129c</load_address>
         <run_address>0x129c</run_address>
         <size>0x5c</size>
         <input_file_ref idref="fl-2"/>
      </object_component>
      <object_component id="oc-33f">
         <name>.text:HOSTread</name>
         <load_address>0x12f8</load_address>
         <run_address>0x12f8</run_address>
         <size>0x58</size>
         <input_file_ref idref="fl-e1"/>
      </object_component>
      <object_component id="oc-345">
         <name>.text:HOSTwrite</name>
         <load_address>0x1350</load_address>
         <run_address>0x1350</run_address>
         <size>0x58</size>
         <input_file_ref idref="fl-e4"/>
      </object_component>
      <object_component id="oc-1de">
         <name>.text:buildSPIarray</name>
         <load_address>0x13a8</load_address>
         <run_address>0x13a8</run_address>
         <size>0x52</size>
         <input_file_ref idref="fl-2"/>
      </object_component>
      <object_component id="oc-28e">
         <name>.text:__TI_doflush</name>
         <load_address>0x13fa</load_address>
         <run_address>0x13fa</run_address>
         <size>0x4c</size>
         <input_file_ref idref="fl-cc"/>
      </object_component>
      <object_component id="oc-20c">
         <name>.text:_nop</name>
         <load_address>0x1446</load_address>
         <run_address>0x1446</run_address>
         <size>0x2</size>
         <input_file_ref idref="fl-d5"/>
      </object_component>
      <object_component id="oc-118">
         <name>.text:exit</name>
         <load_address>0x1448</load_address>
         <run_address>0x1448</run_address>
         <size>0x48</size>
         <input_file_ref idref="fl-d4"/>
      </object_component>
      <object_component id="oc-339">
         <name>.text:HOSTclose</name>
         <load_address>0x1490</load_address>
         <run_address>0x1490</run_address>
         <size>0x44</size>
         <input_file_ref idref="fl-de"/>
      </object_component>
      <object_component id="oc-351">
         <name>.text:HOSTunlink</name>
         <load_address>0x14d4</load_address>
         <run_address>0x14d4</run_address>
         <size>0x44</size>
         <input_file_ref idref="fl-e3"/>
      </object_component>
      <object_component id="oc-11e">
         <name>.text:__TI_auto_init_nobinit_nopinit:__TI_auto_init_nobinit_nopinit</name>
         <load_address>0x1518</load_address>
         <run_address>0x1518</run_address>
         <size>0x44</size>
         <input_file_ref idref="fl-d1"/>
      </object_component>
      <object_component id="oc-3a5">
         <name>.text:getdevice</name>
         <load_address>0x155c</load_address>
         <run_address>0x155c</run_address>
         <size>0x44</size>
         <input_file_ref idref="fl-e9"/>
      </object_component>
      <object_component id="oc-179">
         <name>.text:toggleRESET</name>
         <load_address>0x15a0</load_address>
         <run_address>0x15a0</run_address>
         <size>0x44</size>
         <input_file_ref idref="fl-4"/>
      </object_component>
      <object_component id="oc-1e4">
         <name>.text:setCS</name>
         <load_address>0x15e4</load_address>
         <run_address>0x15e4</run_address>
         <size>0x3c</size>
         <input_file_ref idref="fl-4"/>
      </object_component>
      <object_component id="oc-f7">
         <name>.text:SysCtlPeripheralReady</name>
         <load_address>0x1620</load_address>
         <run_address>0x1620</run_address>
         <size>0x38</size>
         <input_file_ref idref="fl-e"/>
      </object_component>
      <object_component id="oc-37e">
         <name>.text:__TI_writemsg</name>
         <load_address>0x1658</load_address>
         <run_address>0x1658</run_address>
         <size>0x38</size>
         <input_file_ref idref="fl-e5"/>
      </object_component>
      <object_component id="oc-1ea">
         <name>.text:spiSendReceiveByte</name>
         <load_address>0x1690</load_address>
         <run_address>0x1690</run_address>
         <size>0x38</size>
         <input_file_ref idref="fl-4"/>
      </object_component>
      <object_component id="oc-3cd">
         <name>.text:strncpy</name>
         <load_address>0x16c8</load_address>
         <run_address>0x16c8</run_address>
         <size>0x36</size>
         <input_file_ref idref="fl-ed"/>
      </object_component>
      <object_component id="oc-f1">
         <name>.text:SysCtlPeripheralEnable</name>
         <load_address>0x1700</load_address>
         <run_address>0x1700</run_address>
         <size>0x34</size>
         <input_file_ref idref="fl-e"/>
      </object_component>
      <object_component id="oc-2ed">
         <name>.text:__TI_cleanup</name>
         <load_address>0x1734</load_address>
         <run_address>0x1734</run_address>
         <size>0x34</size>
         <input_file_ref idref="fl-dc"/>
      </object_component>
      <object_component id="oc-384">
         <name>.text:__TI_readmsg</name>
         <load_address>0x1768</load_address>
         <run_address>0x1768</run_address>
         <size>0x34</size>
         <input_file_ref idref="fl-e5"/>
      </object_component>
      <object_component id="oc-6f">
         <name>.text:_c_int00_noargs:_c_int00_noargs</name>
         <load_address>0x179c</load_address>
         <run_address>0x179c</run_address>
         <size>0x34</size>
         <input_file_ref idref="fl-cb"/>
      </object_component>
      <object_component id="oc-103">
         <name>.text:adcStartup</name>
         <load_address>0x17d0</load_address>
         <run_address>0x17d0</run_address>
         <size>0x32</size>
         <input_file_ref idref="fl-2"/>
      </object_component>
      <object_component id="oc-3d3">
         <name>.text:finddevice</name>
         <load_address>0x1804</load_address>
         <run_address>0x1804</run_address>
         <size>0x30</size>
         <input_file_ref idref="fl-e9"/>
      </object_component>
      <object_component id="oc-165">
         <name>.text:GPIODirModeSet</name>
         <load_address>0x1834</load_address>
         <run_address>0x1834</run_address>
         <size>0x2c</size>
         <input_file_ref idref="fl-b"/>
      </object_component>
      <object_component id="oc-375">
         <name>.text:unlink</name>
         <load_address>0x1860</load_address>
         <run_address>0x1860</run_address>
         <size>0x2c</size>
         <input_file_ref idref="fl-f0"/>
      </object_component>
      <object_component id="oc-31c">
         <name>.text:free_list_insert</name>
         <load_address>0x188c</load_address>
         <run_address>0x188c</run_address>
         <size>0x28</size>
         <input_file_ref idref="fl-d8"/>
      </object_component>
      <object_component id="oc-2d9">
         <name>.text:lseek</name>
         <load_address>0x18b4</load_address>
         <run_address>0x18b4</run_address>
         <size>0x28</size>
         <input_file_ref idref="fl-e7"/>
      </object_component>
      <object_component id="oc-294">
         <name>.text:write</name>
         <load_address>0x18dc</load_address>
         <run_address>0x18dc</run_address>
         <size>0x28</size>
         <input_file_ref idref="fl-da"/>
      </object_component>
      <object_component id="oc-16d">
         <name>.text:delay_ms</name>
         <load_address>0x1904</load_address>
         <run_address>0x1904</run_address>
         <size>0x24</size>
         <input_file_ref idref="fl-4"/>
      </object_component>
      <object_component id="oc-1cd">
         <name>.text:delay_us</name>
         <load_address>0x1928</load_address>
         <run_address>0x1928</run_address>
         <size>0x24</size>
         <input_file_ref idref="fl-4"/>
      </object_component>
      <object_component id="oc-173">
         <name>.text:setSYNC_RESET</name>
         <load_address>0x194c</load_address>
         <run_address>0x194c</run_address>
         <size>0x24</size>
         <input_file_ref idref="fl-4"/>
      </object_component>
      <object_component id="oc-288">
         <name>.text:memchr</name>
         <load_address>0x1970</load_address>
         <run_address>0x1970</run_address>
         <size>0x20</size>
         <input_file_ref idref="fl-d7"/>
      </object_component>
      <object_component id="oc-1d8">
         <name>.text:_abort_msg</name>
         <load_address>0x1990</load_address>
         <run_address>0x1990</run_address>
         <size>0x1c</size>
         <input_file_ref idref="fl-c9"/>
      </object_component>
      <object_component id="oc-5d">
         <name>.text:decompress:ZI:__TI_zero_init_nomemset:__TI_zero_init_nomemset</name>
         <load_address>0x19ac</load_address>
         <run_address>0x19ac</run_address>
         <size>0x1c</size>
         <input_file_ref idref="fl-c6"/>
      </object_component>
      <object_component id="oc-316">
         <name>.text:free_list_remove</name>
         <load_address>0x19c8</load_address>
         <run_address>0x19c8</run_address>
         <size>0x1c</size>
         <input_file_ref idref="fl-d8"/>
      </object_component>
      <object_component id="oc-fd">
         <name>.text:GPIOPinTypeGPIOOutput</name>
         <load_address>0x19e4</load_address>
         <run_address>0x19e4</run_address>
         <size>0x1a</size>
         <input_file_ref idref="fl-b"/>
      </object_component>
      <object_component id="oc-24b">
         <name>.text:getWordByteLength</name>
         <load_address>0x1a00</load_address>
         <run_address>0x1a00</run_address>
         <size>0x18</size>
         <input_file_ref idref="fl-2"/>
      </object_component>
      <object_component id="oc-3ec">
         <name>.text:strcmp</name>
         <load_address>0x1a18</load_address>
         <run_address>0x1a18</run_address>
         <size>0x18</size>
         <input_file_ref idref="fl-eb"/>
      </object_component>
      <object_component id="oc-3c7">
         <name>.text:strchr</name>
         <load_address>0x1a30</load_address>
         <run_address>0x1a30</run_address>
         <size>0x16</size>
         <input_file_ref idref="fl-ea"/>
      </object_component>
      <object_component id="oc-398">
         <name>.text:strcpy</name>
         <load_address>0x1a46</load_address>
         <run_address>0x1a46</run_address>
         <size>0x14</size>
         <input_file_ref idref="fl-ec"/>
      </object_component>
      <object_component id="oc-282">
         <name>.text:strlen</name>
         <load_address>0x1a5a</load_address>
         <run_address>0x1a5a</run_address>
         <size>0x14</size>
         <input_file_ref idref="fl-d9"/>
      </object_component>
      <object_component id="oc-260">
         <name>.text:SSIDataGetNonBlocking</name>
         <load_address>0x1a6e</load_address>
         <run_address>0x1a6e</run_address>
         <size>0x12</size>
         <input_file_ref idref="fl-d"/>
      </object_component>
      <object_component id="oc-1c">
         <name>.text:decompress:none:__TI_decompress_none</name>
         <load_address>0x1a80</load_address>
         <run_address>0x1a80</run_address>
         <size>0xe</size>
         <input_file_ref idref="fl-c7"/>
      </object_component>
      <object_component id="oc-1f7">
         <name>.text:enforce_selected_device_modes</name>
         <load_address>0x1a8e</load_address>
         <run_address>0x1a8e</run_address>
         <size>0xc</size>
         <input_file_ref idref="fl-2"/>
      </object_component>
      <object_component id="oc-1f0">
         <name>.text:combineBytes</name>
         <load_address>0x1a9a</load_address>
         <run_address>0x1a9a</run_address>
         <size>0x8</size>
         <input_file_ref idref="fl-2"/>
      </object_component>
      <object_component id="oc-2e7">
         <name>.text:malloc</name>
         <load_address>0x1aa2</load_address>
         <run_address>0x1aa2</run_address>
         <size>0x8</size>
         <input_file_ref idref="fl-d8"/>
      </object_component>
      <object_component id="oc-109">
         <name>.text:GPIOPinWrite</name>
         <load_address>0x1aaa</load_address>
         <run_address>0x1aaa</run_address>
         <size>0x6</size>
         <input_file_ref idref="fl-b"/>
      </object_component>
      <object_component id="oc-2b">
         <name>.text:ResetISR</name>
         <load_address>0x1ab0</load_address>
         <run_address>0x1ab0</run_address>
         <size>0x6</size>
         <input_file_ref idref="fl-5"/>
      </object_component>
      <object_component id="oc-25e">
         <name>.text:SysCtlDelay</name>
         <load_address>0x1ab6</load_address>
         <run_address>0x1ab6</run_address>
         <size>0x6</size>
         <input_file_ref idref="fl-e"/>
      </object_component>
      <object_component id="oc-251">
         <name>.text:upperByte</name>
         <load_address>0x1abc</load_address>
         <run_address>0x1abc</run_address>
         <size>0x6</size>
         <input_file_ref idref="fl-2"/>
      </object_component>
      <object_component id="oc-b2">
         <name>.text:_system_pre_init</name>
         <load_address>0x1ac2</load_address>
         <run_address>0x1ac2</run_address>
         <size>0x4</size>
         <input_file_ref idref="fl-d2"/>
      </object_component>
      <object_component id="oc-112">
         <name>.text:abort:abort</name>
         <load_address>0x1ac6</load_address>
         <run_address>0x1ac6</run_address>
         <size>0x4</size>
         <input_file_ref idref="fl-d4"/>
      </object_component>
      <object_component id="oc-257">
         <name>.text:lowerByte</name>
         <load_address>0x1aca</load_address>
         <run_address>0x1aca</run_address>
         <size>0x4</size>
         <input_file_ref idref="fl-2"/>
      </object_component>
      <object_component id="oc-22b">
         <name>.const:g_pui32Xtals</name>
         <load_address>0x1ad0</load_address>
         <run_address>0x1ad0</run_address>
         <size>0x6c</size>
         <input_file_ref idref="fl-e"/>
      </object_component>
      <object_component id="oc-2ad">
         <name>.const:.string:wlength_byte_values</name>
         <load_address>0x1b3c</load_address>
         <run_address>0x1b3c</run_address>
         <size>0x4</size>
         <input_file_ref idref="fl-2"/>
      </object_component>
      <object_component id="oc-431">
         <name>.cinit..data.load</name>
         <load_address>0x1b40</load_address>
         <run_address>0x1b40</run_address>
         <size>0x6b</size>
      </object_component>
      <object_component id="oc-42f">
         <name>__TI_handler_table</name>
         <load_address>0x1bac</load_address>
         <run_address>0x1bac</run_address>
         <size>0xc</size>
      </object_component>
      <object_component id="oc-432">
         <name>.cinit..bss.load</name>
         <load_address>0x1bb8</load_address>
         <run_address>0x1bb8</run_address>
         <size>0x8</size>
      </object_component>
      <object_component id="oc-430">
         <name>__TI_cinit_table</name>
         <load_address>0x1bc0</load_address>
         <run_address>0x1bc0</run_address>
         <size>0x10</size>
      </object_component>
      <object_component id="oc-240">
         <name>.data:_ftable</name>
         <load_address>0x20000448</load_address>
         <run_address>0x20000448</run_address>
         <size>0xf0</size>
         <input_file_ref idref="fl-ca"/>
      </object_component>
      <object_component id="oc-29c">
         <name>.data</name>
         <load_address>0x20000600</load_address>
         <run_address>0x20000600</run_address>
         <size>0x10</size>
         <input_file_ref idref="fl-ca"/>
      </object_component>
      <object_component id="oc-196">
         <name>.data:$O1$$</name>
         <load_address>0x20000610</load_address>
         <run_address>0x20000610</run_address>
         <size>0xc</size>
         <input_file_ref idref="fl-d4"/>
      </object_component>
      <object_component id="oc-199">
         <name>.data:$O1$$</name>
         <load_address>0x2000061c</load_address>
         <run_address>0x2000061c</run_address>
         <size>0x8</size>
         <input_file_ref idref="fl-d5"/>
      </object_component>
      <object_component id="oc-363">
         <name>.data:$O1$$</name>
         <load_address>0x20000624</load_address>
         <run_address>0x20000624</run_address>
         <size>0x8</size>
         <input_file_ref idref="fl-d8"/>
      </object_component>
      <object_component id="oc-300">
         <name>.data:_device</name>
         <load_address>0x20000538</load_address>
         <run_address>0x20000538</run_address>
         <size>0x78</size>
         <input_file_ref idref="fl-db"/>
      </object_component>
      <object_component id="oc-2c8">
         <name>.data:_stream</name>
         <load_address>0x200005b0</load_address>
         <run_address>0x200005b0</run_address>
         <size>0x50</size>
         <input_file_ref idref="fl-db"/>
      </object_component>
      <object_component id="oc-1d4">
         <name>.bss:registerMap</name>
         <uninitialized>true</uninitialized>
         <run_address>0x200001c0</run_address>
         <size>0x80</size>
         <input_file_ref idref="fl-2"/>
      </object_component>
      <object_component id="oc-3af">
         <name>.bss:_CIOBUF_</name>
         <uninitialized>true</uninitialized>
         <run_address>0x20000000</run_address>
         <size>0x120</size>
         <input_file_ref idref="fl-e5"/>
      </object_component>
      <object_component id="oc-37b">
         <name>.common:__TI_tmpnams</name>
         <uninitialized>true</uninitialized>
         <run_address>0x20000120</run_address>
         <size>0xa0</size>
      </object_component>
      <object_component id="oc-38a">
         <name>.common:parmbuf</name>
         <uninitialized>true</uninitialized>
         <run_address>0x20000240</run_address>
         <size>0x8</size>
      </object_component>
      <object_component id="oc-28">
         <name>.sysmem</name>
         <uninitialized>true</uninitialized>
         <run_address>0x20000630</run_address>
         <size>0x10</size>
         <input_file_ref idref="fl-d8"/>
      </object_component>
      <object_component id="oc-435">
         <name>.sysmem</name>
         <uninitialized>true</uninitialized>
         <run_address>0x20000630</run_address>
         <size>0x0</size>
      </object_component>
      <object_component id="oc-25">
         <name>.stack</name>
         <uninitialized>true</uninitialized>
         <run_address>0x20000248</run_address>
         <size>0x4</size>
         <input_file_ref idref="fl-cb"/>
      </object_component>
      <object_component id="oc-434">
         <name>.stack</name>
         <uninitialized>true</uninitialized>
         <run_address>0x20000248</run_address>
         <size>0x0</size>
      </object_component>
      <object_component id="oc-e0">
         <name>.debug_info</name>
         <load_address>0x0</load_address>
         <run_address>0x0</run_address>
         <size>0x447</size>
         <input_file_ref idref="fl-2"/>
      </object_component>
      <object_component id="oc-1d5">
         <name>.debug_info</name>
         <load_address>0x447</load_address>
         <run_address>0x447</run_address>
         <size>0xee</size>
         <input_file_ref idref="fl-2"/>
      </object_component>
      <object_component id="oc-2ae">
         <name>.debug_info</name>
         <load_address>0x535</load_address>
         <run_address>0x535</run_address>
         <size>0xfe</size>
         <input_file_ref idref="fl-2"/>
      </object_component>
      <object_component id="oc-1f8">
         <name>.debug_info</name>
         <load_address>0x633</load_address>
         <run_address>0x633</run_address>
         <size>0x170</size>
         <input_file_ref idref="fl-2"/>
      </object_component>
      <object_component id="oc-246">
         <name>.debug_info</name>
         <load_address>0x7a3</load_address>
         <run_address>0x7a3</run_address>
         <size>0x170</size>
         <input_file_ref idref="fl-2"/>
      </object_component>
      <object_component id="oc-24c">
         <name>.debug_info</name>
         <load_address>0x913</load_address>
         <run_address>0x913</run_address>
         <size>0x14d</size>
         <input_file_ref idref="fl-2"/>
      </object_component>
      <object_component id="oc-252">
         <name>.debug_info</name>
         <load_address>0xa60</load_address>
         <run_address>0xa60</run_address>
         <size>0x164</size>
         <input_file_ref idref="fl-2"/>
      </object_component>
      <object_component id="oc-258">
         <name>.debug_info</name>
         <load_address>0xbc4</load_address>
         <run_address>0xbc4</run_address>
         <size>0x164</size>
         <input_file_ref idref="fl-2"/>
      </object_component>
      <object_component id="oc-1df">
         <name>.debug_info</name>
         <load_address>0xd28</load_address>
         <run_address>0xd28</run_address>
         <size>0x2a5</size>
         <input_file_ref idref="fl-2"/>
      </object_component>
      <object_component id="oc-1f1">
         <name>.debug_info</name>
         <load_address>0xfcd</load_address>
         <run_address>0xfcd</run_address>
         <size>0x198</size>
         <input_file_ref idref="fl-2"/>
      </object_component>
      <object_component id="oc-186">
         <name>.debug_info</name>
         <load_address>0x1165</load_address>
         <run_address>0x1165</run_address>
         <size>0x26b</size>
         <input_file_ref idref="fl-2"/>
      </object_component>
      <object_component id="oc-205">
         <name>.debug_info</name>
         <load_address>0x13d0</load_address>
         <run_address>0x13d0</run_address>
         <size>0x234</size>
         <input_file_ref idref="fl-2"/>
      </object_component>
      <object_component id="oc-18e">
         <name>.debug_info</name>
         <load_address>0x1604</load_address>
         <run_address>0x1604</run_address>
         <size>0x281</size>
         <input_file_ref idref="fl-2"/>
      </object_component>
      <object_component id="oc-180">
         <name>.debug_info</name>
         <load_address>0x1885</load_address>
         <run_address>0x1885</run_address>
         <size>0x13e</size>
         <input_file_ref idref="fl-2"/>
      </object_component>
      <object_component id="oc-104">
         <name>.debug_info</name>
         <load_address>0x19c3</load_address>
         <run_address>0x19c3</run_address>
         <size>0x1ba</size>
         <input_file_ref idref="fl-2"/>
      </object_component>
      <object_component id="oc-152">
         <name>.debug_info</name>
         <load_address>0x1b7d</load_address>
         <run_address>0x1b7d</run_address>
         <size>0xb6</size>
         <input_file_ref idref="fl-2"/>
      </object_component>
      <object_component id="oc-8d">
         <name>.debug_info</name>
         <load_address>0x1c33</load_address>
         <run_address>0x1c33</run_address>
         <size>0x26b</size>
         <input_file_ref idref="fl-2"/>
      </object_component>
      <object_component id="oc-157">
         <name>.debug_info</name>
         <load_address>0x1e9e</load_address>
         <run_address>0x1e9e</run_address>
         <size>0x186</size>
         <input_file_ref idref="fl-2"/>
      </object_component>
      <object_component id="oc-db">
         <name>.debug_info</name>
         <load_address>0x2024</load_address>
         <run_address>0x2024</run_address>
         <size>0x8b</size>
         <input_file_ref idref="fl-2"/>
      </object_component>
      <object_component id="oc-d6">
         <name>.debug_info</name>
         <load_address>0x20af</load_address>
         <run_address>0x20af</run_address>
         <size>0x297</size>
         <input_file_ref idref="fl-2"/>
      </object_component>
      <object_component id="oc-1bb">
         <name>.debug_info</name>
         <load_address>0x2346</load_address>
         <run_address>0x2346</run_address>
         <size>0xef</size>
         <input_file_ref idref="fl-2"/>
      </object_component>
      <object_component id="oc-92">
         <name>.debug_info</name>
         <load_address>0x2435</load_address>
         <run_address>0x2435</run_address>
         <size>0xbb</size>
         <input_file_ref idref="fl-2"/>
      </object_component>
      <object_component id="oc-110">
         <name>.debug_info</name>
         <load_address>0x24f0</load_address>
         <run_address>0x24f0</run_address>
         <size>0x3dc</size>
         <input_file_ref idref="fl-3"/>
      </object_component>
      <object_component id="oc-b9">
         <name>.debug_info</name>
         <load_address>0x28cc</load_address>
         <run_address>0x28cc</run_address>
         <size>0x1b0</size>
         <input_file_ref idref="fl-3"/>
      </object_component>
      <object_component id="oc-1cb">
         <name>.debug_info</name>
         <load_address>0x2a7c</load_address>
         <run_address>0x2a7c</run_address>
         <size>0x573</size>
         <input_file_ref idref="fl-4"/>
      </object_component>
      <object_component id="oc-1ce">
         <name>.debug_info</name>
         <load_address>0x2fef</load_address>
         <run_address>0x2fef</run_address>
         <size>0x16c</size>
         <input_file_ref idref="fl-4"/>
      </object_component>
      <object_component id="oc-16e">
         <name>.debug_info</name>
         <load_address>0x315b</load_address>
         <run_address>0x315b</run_address>
         <size>0x16c</size>
         <input_file_ref idref="fl-4"/>
      </object_component>
      <object_component id="oc-17a">
         <name>.debug_info</name>
         <load_address>0x32c7</load_address>
         <run_address>0x32c7</run_address>
         <size>0x178</size>
         <input_file_ref idref="fl-4"/>
      </object_component>
      <object_component id="oc-1eb">
         <name>.debug_info</name>
         <load_address>0x343f</load_address>
         <run_address>0x343f</run_address>
         <size>0x1a2</size>
         <input_file_ref idref="fl-4"/>
      </object_component>
      <object_component id="oc-1e5">
         <name>.debug_info</name>
         <load_address>0x35e1</load_address>
         <run_address>0x35e1</run_address>
         <size>0x16c</size>
         <input_file_ref idref="fl-4"/>
      </object_component>
      <object_component id="oc-1fe">
         <name>.debug_info</name>
         <load_address>0x374d</load_address>
         <run_address>0x374d</run_address>
         <size>0x207</size>
         <input_file_ref idref="fl-4"/>
      </object_component>
      <object_component id="oc-174">
         <name>.debug_info</name>
         <load_address>0x3954</load_address>
         <run_address>0x3954</run_address>
         <size>0x158</size>
         <input_file_ref idref="fl-4"/>
      </object_component>
      <object_component id="oc-45">
         <name>.debug_info</name>
         <load_address>0x3aac</load_address>
         <run_address>0x3aac</run_address>
         <size>0x2b4</size>
         <input_file_ref idref="fl-5"/>
      </object_component>
      <object_component id="oc-14">
         <name>.debug_info</name>
         <load_address>0x3d60</load_address>
         <run_address>0x3d60</run_address>
         <size>0xf3</size>
         <input_file_ref idref="fl-5"/>
      </object_component>
      <object_component id="oc-2c">
         <name>.debug_info</name>
         <load_address>0x3e53</load_address>
         <run_address>0x3e53</run_address>
         <size>0x123</size>
         <input_file_ref idref="fl-5"/>
      </object_component>
      <object_component id="oc-35">
         <name>.debug_info</name>
         <load_address>0x3f76</load_address>
         <run_address>0x3f76</run_address>
         <size>0x111</size>
         <input_file_ref idref="fl-5"/>
      </object_component>
      <object_component id="oc-3f">
         <name>.debug_info</name>
         <load_address>0x4087</load_address>
         <run_address>0x4087</run_address>
         <size>0x12c</size>
         <input_file_ref idref="fl-5"/>
      </object_component>
      <object_component id="oc-39">
         <name>.debug_info</name>
         <load_address>0x41b3</load_address>
         <run_address>0x41b3</run_address>
         <size>0x117</size>
         <input_file_ref idref="fl-5"/>
      </object_component>
      <object_component id="oc-4c">
         <name>.debug_info</name>
         <load_address>0x42ca</load_address>
         <run_address>0x42ca</run_address>
         <size>0x84</size>
         <input_file_ref idref="fl-5"/>
      </object_component>
      <object_component id="oc-16c">
         <name>.debug_info</name>
         <load_address>0x434e</load_address>
         <run_address>0x434e</run_address>
         <size>0x3e4</size>
         <input_file_ref idref="fl-b"/>
      </object_component>
      <object_component id="oc-10c">
         <name>.debug_info</name>
         <load_address>0x4732</load_address>
         <run_address>0x4732</run_address>
         <size>0x2ac</size>
         <input_file_ref idref="fl-b"/>
      </object_component>
      <object_component id="oc-168">
         <name>.debug_info</name>
         <load_address>0x49de</load_address>
         <run_address>0x49de</run_address>
         <size>0x2bc</size>
         <input_file_ref idref="fl-b"/>
      </object_component>
      <object_component id="oc-162">
         <name>.debug_info</name>
         <load_address>0x4c9a</load_address>
         <run_address>0x4c9a</run_address>
         <size>0x31f</size>
         <input_file_ref idref="fl-b"/>
      </object_component>
      <object_component id="oc-fe">
         <name>.debug_info</name>
         <load_address>0x4fb9</load_address>
         <run_address>0x4fb9</run_address>
         <size>0x2c0</size>
         <input_file_ref idref="fl-b"/>
      </object_component>
      <object_component id="oc-2b4">
         <name>.debug_info</name>
         <load_address>0x5279</load_address>
         <run_address>0x5279</run_address>
         <size>0x3c0</size>
         <input_file_ref idref="fl-d"/>
      </object_component>
      <object_component id="oc-262">
         <name>.debug_info</name>
         <load_address>0x5639</load_address>
         <run_address>0x5639</run_address>
         <size>0x2a3</size>
         <input_file_ref idref="fl-d"/>
      </object_component>
      <object_component id="oc-15d">
         <name>.debug_info</name>
         <load_address>0x58dc</load_address>
         <run_address>0x58dc</run_address>
         <size>0x441</size>
         <input_file_ref idref="fl-e"/>
      </object_component>
      <object_component id="oc-22c">
         <name>.debug_info</name>
         <load_address>0x5d1d</load_address>
         <run_address>0x5d1d</run_address>
         <size>0x156</size>
         <input_file_ref idref="fl-e"/>
      </object_component>
      <object_component id="oc-f8">
         <name>.debug_info</name>
         <load_address>0x5e73</load_address>
         <run_address>0x5e73</run_address>
         <size>0x288</size>
         <input_file_ref idref="fl-e"/>
      </object_component>
      <object_component id="oc-f2">
         <name>.debug_info</name>
         <load_address>0x60fb</load_address>
         <run_address>0x60fb</run_address>
         <size>0x286</size>
         <input_file_ref idref="fl-e"/>
      </object_component>
      <object_component id="oc-1c5">
         <name>.debug_info</name>
         <load_address>0x6381</load_address>
         <run_address>0x6381</run_address>
         <size>0x2be</size>
         <input_file_ref idref="fl-e"/>
      </object_component>
      <object_component id="oc-1b7">
         <name>.debug_info</name>
         <load_address>0x663f</load_address>
         <run_address>0x663f</run_address>
         <size>0x51</size>
         <input_file_ref idref="fl-e"/>
      </object_component>
      <object_component id="oc-ae">
         <name>.debug_info</name>
         <load_address>0x6690</load_address>
         <run_address>0x6690</run_address>
         <size>0x147</size>
         <input_file_ref idref="fl-c5"/>
      </object_component>
      <object_component id="oc-ab">
         <name>.debug_info</name>
         <load_address>0x67d7</load_address>
         <run_address>0x67d7</run_address>
         <size>0x2d4</size>
         <input_file_ref idref="fl-c6"/>
      </object_component>
      <object_component id="oc-5f">
         <name>.debug_info</name>
         <load_address>0x6aab</load_address>
         <run_address>0x6aab</run_address>
         <size>0x1d2</size>
         <input_file_ref idref="fl-c6"/>
      </object_component>
      <object_component id="oc-a6">
         <name>.debug_info</name>
         <load_address>0x6c7d</load_address>
         <run_address>0x6c7d</run_address>
         <size>0x46</size>
         <input_file_ref idref="fl-c6"/>
      </object_component>
      <object_component id="oc-e8">
         <name>.debug_info</name>
         <load_address>0x6cc3</load_address>
         <run_address>0x6cc3</run_address>
         <size>0x2c</size>
         <input_file_ref idref="fl-c6"/>
      </object_component>
      <object_component id="oc-5c">
         <name>.debug_info</name>
         <load_address>0x6cef</load_address>
         <run_address>0x6cef</run_address>
         <size>0x2a8</size>
         <input_file_ref idref="fl-c7"/>
      </object_component>
      <object_component id="oc-1d">
         <name>.debug_info</name>
         <load_address>0x6f97</load_address>
         <run_address>0x6f97</run_address>
         <size>0x1ea</size>
         <input_file_ref idref="fl-c7"/>
      </object_component>
      <object_component id="oc-57">
         <name>.debug_info</name>
         <load_address>0x7181</load_address>
         <run_address>0x7181</run_address>
         <size>0x46</size>
         <input_file_ref idref="fl-c7"/>
      </object_component>
      <object_component id="oc-9e">
         <name>.debug_info</name>
         <load_address>0x71c7</load_address>
         <run_address>0x71c7</run_address>
         <size>0x2c</size>
         <input_file_ref idref="fl-c7"/>
      </object_component>
      <object_component id="oc-9c">
         <name>.debug_info</name>
         <load_address>0x71f3</load_address>
         <run_address>0x71f3</run_address>
         <size>0x29e</size>
         <input_file_ref idref="fl-c8"/>
      </object_component>
      <object_component id="oc-17">
         <name>.debug_info</name>
         <load_address>0x7491</load_address>
         <run_address>0x7491</run_address>
         <size>0x250</size>
         <input_file_ref idref="fl-c8"/>
      </object_component>
      <object_component id="oc-47">
         <name>.debug_info</name>
         <load_address>0x76e1</load_address>
         <run_address>0x76e1</run_address>
         <size>0x60</size>
         <input_file_ref idref="fl-c8"/>
      </object_component>
      <object_component id="oc-e1">
         <name>.debug_info</name>
         <load_address>0x7741</load_address>
         <run_address>0x7741</run_address>
         <size>0x46</size>
         <input_file_ref idref="fl-c8"/>
      </object_component>
      <object_component id="oc-97">
         <name>.debug_info</name>
         <load_address>0x7787</load_address>
         <run_address>0x7787</run_address>
         <size>0x39</size>
         <input_file_ref idref="fl-c8"/>
      </object_component>
      <object_component id="oc-244">
         <name>.debug_info</name>
         <load_address>0x77c0</load_address>
         <run_address>0x77c0</run_address>
         <size>0x322</size>
         <input_file_ref idref="fl-c9"/>
      </object_component>
      <object_component id="oc-1dc">
         <name>.debug_info</name>
         <load_address>0x7ae2</load_address>
         <run_address>0x7ae2</run_address>
         <size>0x177</size>
         <input_file_ref idref="fl-c9"/>
      </object_component>
      <object_component id="oc-2a7">
         <name>.debug_info</name>
         <load_address>0x7c59</load_address>
         <run_address>0x7c59</run_address>
         <size>0xb2</size>
         <input_file_ref idref="fl-c9"/>
      </object_component>
      <object_component id="oc-2a3">
         <name>.debug_info</name>
         <load_address>0x7d0b</load_address>
         <run_address>0x7d0b</run_address>
         <size>0x144</size>
         <input_file_ref idref="fl-ca"/>
      </object_component>
      <object_component id="oc-241">
         <name>.debug_info</name>
         <load_address>0x7e4f</load_address>
         <run_address>0x7e4f</run_address>
         <size>0x102</size>
         <input_file_ref idref="fl-ca"/>
      </object_component>
      <object_component id="oc-29d">
         <name>.debug_info</name>
         <load_address>0x7f51</load_address>
         <run_address>0x7f51</run_address>
         <size>0x18f</size>
         <input_file_ref idref="fl-ca"/>
      </object_component>
      <object_component id="oc-26">
         <name>.debug_info</name>
         <load_address>0x80e0</load_address>
         <run_address>0x80e0</run_address>
         <size>0x10b</size>
         <input_file_ref idref="fl-cb"/>
      </object_component>
      <object_component id="oc-72">
         <name>.debug_info</name>
         <load_address>0x81eb</load_address>
         <run_address>0x81eb</run_address>
         <size>0x1a9</size>
         <input_file_ref idref="fl-cb"/>
      </object_component>
      <object_component id="oc-2a0">
         <name>.debug_info</name>
         <load_address>0x8394</load_address>
         <run_address>0x8394</run_address>
         <size>0x347</size>
         <input_file_ref idref="fl-cc"/>
      </object_component>
      <object_component id="oc-291">
         <name>.debug_info</name>
         <load_address>0x86db</load_address>
         <run_address>0x86db</run_address>
         <size>0x18a</size>
         <input_file_ref idref="fl-cc"/>
      </object_component>
      <object_component id="oc-23c">
         <name>.debug_info</name>
         <load_address>0x8865</load_address>
         <run_address>0x8865</run_address>
         <size>0x1c8</size>
         <input_file_ref idref="fl-cc"/>
      </object_component>
      <object_component id="oc-29b">
         <name>.debug_info</name>
         <load_address>0x8a2d</load_address>
         <run_address>0x8a2d</run_address>
         <size>0x3fc</size>
         <input_file_ref idref="fl-cd"/>
      </object_component>
      <object_component id="oc-235">
         <name>.debug_info</name>
         <load_address>0x8e29</load_address>
         <run_address>0x8e29</run_address>
         <size>0x2e2</size>
         <input_file_ref idref="fl-cd"/>
      </object_component>
      <object_component id="oc-2c2">
         <name>.debug_info</name>
         <load_address>0x910b</load_address>
         <run_address>0x910b</run_address>
         <size>0x300</size>
         <input_file_ref idref="fl-ce"/>
      </object_component>
      <object_component id="oc-27e">
         <name>.debug_info</name>
         <load_address>0x940b</load_address>
         <run_address>0x940b</run_address>
         <size>0x19c</size>
         <input_file_ref idref="fl-ce"/>
      </object_component>
      <object_component id="oc-2f5">
         <name>.debug_info</name>
         <load_address>0x95a7</load_address>
         <run_address>0x95a7</run_address>
         <size>0xbf</size>
         <input_file_ref idref="fl-ce"/>
      </object_component>
      <object_component id="oc-2f4">
         <name>.debug_info</name>
         <load_address>0x9666</load_address>
         <run_address>0x9666</run_address>
         <size>0x374</size>
         <input_file_ref idref="fl-cf"/>
      </object_component>
      <object_component id="oc-2bf">
         <name>.debug_info</name>
         <load_address>0x99da</load_address>
         <run_address>0x99da</run_address>
         <size>0x20b</size>
         <input_file_ref idref="fl-cf"/>
      </object_component>
      <object_component id="oc-53">
         <name>.debug_info</name>
         <load_address>0x9be5</load_address>
         <run_address>0x9be5</run_address>
         <size>0x119</size>
         <input_file_ref idref="fl-d0"/>
      </object_component>
      <object_component id="oc-1a0">
         <name>.debug_info</name>
         <load_address>0x9cfe</load_address>
         <run_address>0x9cfe</run_address>
         <size>0x4b3</size>
         <input_file_ref idref="fl-d1"/>
      </object_component>
      <object_component id="oc-120">
         <name>.debug_info</name>
         <load_address>0xa1b1</load_address>
         <run_address>0xa1b1</run_address>
         <size>0x1a6</size>
         <input_file_ref idref="fl-d1"/>
      </object_component>
      <object_component id="oc-21a">
         <name>.debug_info</name>
         <load_address>0xa357</load_address>
         <run_address>0xa357</run_address>
         <size>0x39</size>
         <input_file_ref idref="fl-d1"/>
      </object_component>
      <object_component id="oc-26e">
         <name>.debug_info</name>
         <load_address>0xa390</load_address>
         <run_address>0xa390</run_address>
         <size>0x39</size>
         <input_file_ref idref="fl-d1"/>
      </object_component>
      <object_component id="oc-21f">
         <name>.debug_info</name>
         <load_address>0xa3c9</load_address>
         <run_address>0xa3c9</run_address>
         <size>0x39</size>
         <input_file_ref idref="fl-d1"/>
      </object_component>
      <object_component id="oc-224">
         <name>.debug_info</name>
         <load_address>0xa402</load_address>
         <run_address>0xa402</run_address>
         <size>0xcd</size>
         <input_file_ref idref="fl-d1"/>
      </object_component>
      <object_component id="oc-b3">
         <name>.debug_info</name>
         <load_address>0xa4cf</load_address>
         <run_address>0xa4cf</run_address>
         <size>0x153</size>
         <input_file_ref idref="fl-d2"/>
      </object_component>
      <object_component id="oc-19d">
         <name>.debug_info</name>
         <load_address>0xa622</load_address>
         <run_address>0xa622</run_address>
         <size>0x3ad</size>
         <input_file_ref idref="fl-d4"/>
      </object_component>
      <object_component id="oc-197">
         <name>.debug_info</name>
         <load_address>0xa9cf</load_address>
         <run_address>0xa9cf</run_address>
         <size>0x190</size>
         <input_file_ref idref="fl-d4"/>
      </object_component>
      <object_component id="oc-114">
         <name>.debug_info</name>
         <load_address>0xab5f</load_address>
         <run_address>0xab5f</run_address>
         <size>0x122</size>
         <input_file_ref idref="fl-d4"/>
      </object_component>
      <object_component id="oc-11a">
         <name>.debug_info</name>
         <load_address>0xac81</load_address>
         <run_address>0xac81</run_address>
         <size>0x184</size>
         <input_file_ref idref="fl-d4"/>
      </object_component>
      <object_component id="oc-214">
         <name>.debug_info</name>
         <load_address>0xae05</load_address>
         <run_address>0xae05</run_address>
         <size>0x2c9</size>
         <input_file_ref idref="fl-d5"/>
      </object_component>
      <object_component id="oc-19a">
         <name>.debug_info</name>
         <load_address>0xb0ce</load_address>
         <run_address>0xb0ce</run_address>
         <size>0x11e</size>
         <input_file_ref idref="fl-d5"/>
      </object_component>
      <object_component id="oc-20f">
         <name>.debug_info</name>
         <load_address>0xb1ec</load_address>
         <run_address>0xb1ec</run_address>
         <size>0x12e</size>
         <input_file_ref idref="fl-d5"/>
      </object_component>
      <object_component id="oc-2c6">
         <name>.debug_info</name>
         <load_address>0xb31a</load_address>
         <run_address>0xb31a</run_address>
         <size>0x2a5</size>
         <input_file_ref idref="fl-d7"/>
      </object_component>
      <object_component id="oc-28c">
         <name>.debug_info</name>
         <load_address>0xb5bf</load_address>
         <run_address>0xb5bf</run_address>
         <size>0x25d</size>
         <input_file_ref idref="fl-d7"/>
      </object_component>
      <object_component id="oc-85">
         <name>.debug_info</name>
         <load_address>0xb81c</load_address>
         <run_address>0xb81c</run_address>
         <size>0x3b2</size>
         <input_file_ref idref="fl-d8"/>
      </object_component>
      <object_component id="oc-29">
         <name>.debug_info</name>
         <load_address>0xbbce</load_address>
         <run_address>0xbbce</run_address>
         <size>0x10c</size>
         <input_file_ref idref="fl-d8"/>
      </object_component>
      <object_component id="oc-364">
         <name>.debug_info</name>
         <load_address>0xbcda</load_address>
         <run_address>0xbcda</run_address>
         <size>0x13f</size>
         <input_file_ref idref="fl-d8"/>
      </object_component>
      <object_component id="oc-2e8">
         <name>.debug_info</name>
         <load_address>0xbe19</load_address>
         <run_address>0xbe19</run_address>
         <size>0x168</size>
         <input_file_ref idref="fl-d8"/>
      </object_component>
      <object_component id="oc-319">
         <name>.debug_info</name>
         <load_address>0xbf81</load_address>
         <run_address>0xbf81</run_address>
         <size>0x18e</size>
         <input_file_ref idref="fl-d8"/>
      </object_component>
      <object_component id="oc-31f">
         <name>.debug_info</name>
         <load_address>0xc10f</load_address>
         <run_address>0xc10f</run_address>
         <size>0x19f</size>
         <input_file_ref idref="fl-d8"/>
      </object_component>
      <object_component id="oc-2e2">
         <name>.debug_info</name>
         <load_address>0xc2ae</load_address>
         <run_address>0xc2ae</run_address>
         <size>0x203</size>
         <input_file_ref idref="fl-d8"/>
      </object_component>
      <object_component id="oc-369">
         <name>.debug_info</name>
         <load_address>0xc4b1</load_address>
         <run_address>0xc4b1</run_address>
         <size>0x1db</size>
         <input_file_ref idref="fl-d8"/>
      </object_component>
      <object_component id="oc-325">
         <name>.debug_info</name>
         <load_address>0xc68c</load_address>
         <run_address>0xc68c</run_address>
         <size>0x299</size>
         <input_file_ref idref="fl-d8"/>
      </object_component>
      <object_component id="oc-d1">
         <name>.debug_info</name>
         <load_address>0xc925</load_address>
         <run_address>0xc925</run_address>
         <size>0xb2</size>
         <input_file_ref idref="fl-d8"/>
      </object_component>
      <object_component id="oc-cc">
         <name>.debug_info</name>
         <load_address>0xc9d7</load_address>
         <run_address>0xc9d7</run_address>
         <size>0x2c</size>
         <input_file_ref idref="fl-d8"/>
      </object_component>
      <object_component id="oc-2c4">
         <name>.debug_info</name>
         <load_address>0xca03</load_address>
         <run_address>0xca03</run_address>
         <size>0x28f</size>
         <input_file_ref idref="fl-d9"/>
      </object_component>
      <object_component id="oc-283">
         <name>.debug_info</name>
         <load_address>0xcc92</load_address>
         <run_address>0xcc92</run_address>
         <size>0x245</size>
         <input_file_ref idref="fl-d9"/>
      </object_component>
      <object_component id="oc-2cc">
         <name>.debug_info</name>
         <load_address>0xced7</load_address>
         <run_address>0xced7</run_address>
         <size>0x397</size>
         <input_file_ref idref="fl-da"/>
      </object_component>
      <object_component id="oc-298">
         <name>.debug_info</name>
         <load_address>0xd26e</load_address>
         <run_address>0xd26e</run_address>
         <size>0x18f</size>
         <input_file_ref idref="fl-da"/>
      </object_component>
      <object_component id="oc-308">
         <name>.debug_info</name>
         <load_address>0xd3fd</load_address>
         <run_address>0xd3fd</run_address>
         <size>0x120</size>
         <input_file_ref idref="fl-da"/>
      </object_component>
      <object_component id="oc-30d">
         <name>.debug_info</name>
         <load_address>0xd51d</load_address>
         <run_address>0xd51d</run_address>
         <size>0x2c</size>
         <input_file_ref idref="fl-da"/>
      </object_component>
      <object_component id="oc-305">
         <name>.debug_info</name>
         <load_address>0xd549</load_address>
         <run_address>0xd549</run_address>
         <size>0x337</size>
         <input_file_ref idref="fl-db"/>
      </object_component>
      <object_component id="oc-301">
         <name>.debug_info</name>
         <load_address>0xd880</load_address>
         <run_address>0xd880</run_address>
         <size>0x109</size>
         <input_file_ref idref="fl-db"/>
      </object_component>
      <object_component id="oc-2c9">
         <name>.debug_info</name>
         <load_address>0xd989</load_address>
         <run_address>0xd989</run_address>
         <size>0x109</size>
         <input_file_ref idref="fl-db"/>
      </object_component>
      <object_component id="oc-2ee">
         <name>.debug_info</name>
         <load_address>0xda92</load_address>
         <run_address>0xda92</run_address>
         <size>0x176</size>
         <input_file_ref idref="fl-dc"/>
      </object_component>
      <object_component id="oc-2e0">
         <name>.debug_info</name>
         <load_address>0xdc08</load_address>
         <run_address>0xdc08</run_address>
         <size>0x324</size>
         <input_file_ref idref="fl-dd"/>
      </object_component>
      <object_component id="oc-2b8">
         <name>.debug_info</name>
         <load_address>0xdf2c</load_address>
         <run_address>0xdf2c</run_address>
         <size>0x1ec</size>
         <input_file_ref idref="fl-dd"/>
      </object_component>
      <object_component id="oc-38f">
         <name>.debug_info</name>
         <load_address>0xe118</load_address>
         <run_address>0xe118</run_address>
         <size>0x373</size>
         <input_file_ref idref="fl-de"/>
      </object_component>
      <object_component id="oc-33a">
         <name>.debug_info</name>
         <load_address>0xe48b</load_address>
         <run_address>0xe48b</run_address>
         <size>0x1bc</size>
         <input_file_ref idref="fl-de"/>
      </object_component>
      <object_component id="oc-395">
         <name>.debug_info</name>
         <load_address>0xe647</load_address>
         <run_address>0xe647</run_address>
         <size>0x378</size>
         <input_file_ref idref="fl-df"/>
      </object_component>
      <object_component id="oc-34d">
         <name>.debug_info</name>
         <load_address>0xe9bf</load_address>
         <run_address>0xe9bf</run_address>
         <size>0x210</size>
         <input_file_ref idref="fl-df"/>
      </object_component>
      <object_component id="oc-38b">
         <name>.debug_info</name>
         <load_address>0xebcf</load_address>
         <run_address>0xebcf</run_address>
         <size>0x3a3</size>
         <input_file_ref idref="fl-e0"/>
      </object_component>
      <object_component id="oc-335">
         <name>.debug_info</name>
         <load_address>0xef72</load_address>
         <run_address>0xef72</run_address>
         <size>0x20c</size>
         <input_file_ref idref="fl-e0"/>
      </object_component>
      <object_component id="oc-391">
         <name>.debug_info</name>
         <load_address>0xf17e</load_address>
         <run_address>0xf17e</run_address>
         <size>0x377</size>
         <input_file_ref idref="fl-e1"/>
      </object_component>
      <object_component id="oc-340">
         <name>.debug_info</name>
         <load_address>0xf4f5</load_address>
         <run_address>0xf4f5</run_address>
         <size>0x1fb</size>
         <input_file_ref idref="fl-e1"/>
      </object_component>
      <object_component id="oc-39f">
         <name>.debug_info</name>
         <load_address>0xf6f0</load_address>
         <run_address>0xf6f0</run_address>
         <size>0x3d5</size>
         <input_file_ref idref="fl-e2"/>
      </object_component>
      <object_component id="oc-35a">
         <name>.debug_info</name>
         <load_address>0xfac5</load_address>
         <run_address>0xfac5</run_address>
         <size>0x236</size>
         <input_file_ref idref="fl-e2"/>
      </object_component>
      <object_component id="oc-397">
         <name>.debug_info</name>
         <load_address>0xfcfb</load_address>
         <run_address>0xfcfb</run_address>
         <size>0x396</size>
         <input_file_ref idref="fl-e3"/>
      </object_component>
      <object_component id="oc-352">
         <name>.debug_info</name>
         <load_address>0x10091</load_address>
         <run_address>0x10091</run_address>
         <size>0x1c6</size>
         <input_file_ref idref="fl-e3"/>
      </object_component>
      <object_component id="oc-393">
         <name>.debug_info</name>
         <load_address>0x10257</load_address>
         <run_address>0x10257</run_address>
         <size>0x378</size>
         <input_file_ref idref="fl-e4"/>
      </object_component>
      <object_component id="oc-348">
         <name>.debug_info</name>
         <load_address>0x105cf</load_address>
         <run_address>0x105cf</run_address>
         <size>0x200</size>
         <input_file_ref idref="fl-e4"/>
      </object_component>
      <object_component id="oc-3b3">
         <name>.debug_info</name>
         <load_address>0x107cf</load_address>
         <run_address>0x107cf</run_address>
         <size>0x2bb</size>
         <input_file_ref idref="fl-e5"/>
      </object_component>
      <object_component id="oc-3b0">
         <name>.debug_info</name>
         <load_address>0x10a8a</load_address>
         <run_address>0x10a8a</run_address>
         <size>0x108</size>
         <input_file_ref idref="fl-e5"/>
      </object_component>
      <object_component id="oc-380">
         <name>.debug_info</name>
         <load_address>0x10b92</load_address>
         <run_address>0x10b92</run_address>
         <size>0x1df</size>
         <input_file_ref idref="fl-e5"/>
      </object_component>
      <object_component id="oc-385">
         <name>.debug_info</name>
         <load_address>0x10d71</load_address>
         <run_address>0x10d71</run_address>
         <size>0x19a</size>
         <input_file_ref idref="fl-e5"/>
      </object_component>
      <object_component id="oc-313">
         <name>.debug_info</name>
         <load_address>0x10f0b</load_address>
         <run_address>0x10f0b</run_address>
         <size>0x397</size>
         <input_file_ref idref="fl-e7"/>
      </object_component>
      <object_component id="oc-2da">
         <name>.debug_info</name>
         <load_address>0x112a2</load_address>
         <run_address>0x112a2</run_address>
         <size>0x195</size>
         <input_file_ref idref="fl-e7"/>
      </object_component>
      <object_component id="oc-37d">
         <name>.debug_info</name>
         <load_address>0x11437</load_address>
         <run_address>0x11437</run_address>
         <size>0x3a5</size>
         <input_file_ref idref="fl-e8"/>
      </object_component>
      <object_component id="oc-32c">
         <name>.debug_info</name>
         <load_address>0x117dc</load_address>
         <run_address>0x117dc</run_address>
         <size>0x1f3</size>
         <input_file_ref idref="fl-e8"/>
      </object_component>
      <object_component id="oc-3da">
         <name>.debug_info</name>
         <load_address>0x119cf</load_address>
         <run_address>0x119cf</run_address>
         <size>0x42c</size>
         <input_file_ref idref="fl-e9"/>
      </object_component>
      <object_component id="oc-3d4">
         <name>.debug_info</name>
         <load_address>0x11dfb</load_address>
         <run_address>0x11dfb</run_address>
         <size>0x192</size>
         <input_file_ref idref="fl-e9"/>
      </object_component>
      <object_component id="oc-3a6">
         <name>.debug_info</name>
         <load_address>0x11f8d</load_address>
         <run_address>0x11f8d</run_address>
         <size>0x1eb</size>
         <input_file_ref idref="fl-e9"/>
      </object_component>
      <object_component id="oc-3dd">
         <name>.debug_info</name>
         <load_address>0x12178</load_address>
         <run_address>0x12178</run_address>
         <size>0xea</size>
         <input_file_ref idref="fl-e9"/>
      </object_component>
      <object_component id="oc-3f5">
         <name>.debug_info</name>
         <load_address>0x12262</load_address>
         <run_address>0x12262</run_address>
         <size>0x2c</size>
         <input_file_ref idref="fl-e9"/>
      </object_component>
      <object_component id="oc-3e9">
         <name>.debug_info</name>
         <load_address>0x1228e</load_address>
         <run_address>0x1228e</run_address>
         <size>0x29a</size>
         <input_file_ref idref="fl-ea"/>
      </object_component>
      <object_component id="oc-3ca">
         <name>.debug_info</name>
         <load_address>0x12528</load_address>
         <run_address>0x12528</run_address>
         <size>0x262</size>
         <input_file_ref idref="fl-ea"/>
      </object_component>
      <object_component id="oc-3ff">
         <name>.debug_info</name>
         <load_address>0x1278a</load_address>
         <run_address>0x1278a</run_address>
         <size>0x28a</size>
         <input_file_ref idref="fl-eb"/>
      </object_component>
      <object_component id="oc-3f0">
         <name>.debug_info</name>
         <load_address>0x12a14</load_address>
         <run_address>0x12a14</run_address>
         <size>0x273</size>
         <input_file_ref idref="fl-eb"/>
      </object_component>
      <object_component id="oc-3c2">
         <name>.debug_info</name>
         <load_address>0x12c87</load_address>
         <run_address>0x12c87</run_address>
         <size>0x2a4</size>
         <input_file_ref idref="fl-ec"/>
      </object_component>
      <object_component id="oc-39b">
         <name>.debug_info</name>
         <load_address>0x12f2b</load_address>
         <run_address>0x12f2b</run_address>
         <size>0x24c</size>
         <input_file_ref idref="fl-ec"/>
      </object_component>
      <object_component id="oc-3eb">
         <name>.debug_info</name>
         <load_address>0x13177</load_address>
         <run_address>0x13177</run_address>
         <size>0x2af</size>
         <input_file_ref idref="fl-ed"/>
      </object_component>
      <object_component id="oc-3d1">
         <name>.debug_info</name>
         <load_address>0x13426</load_address>
         <run_address>0x13426</run_address>
         <size>0x277</size>
         <input_file_ref idref="fl-ed"/>
      </object_component>
      <object_component id="oc-3a4">
         <name>.debug_info</name>
         <load_address>0x1369d</load_address>
         <run_address>0x1369d</run_address>
         <size>0x3cf</size>
         <input_file_ref idref="fl-ef"/>
[...]
            </allocated_space>
            <available_space>
               <start_address>0x20000640</start_address>
               <size>0x3f9c0</size>
            </available_space>
         </usage_details>
      </memory_area>
   </placement_map>
   <cptbl_list>
      <cptbl>
         <name>__TI_cinit_table</name>
         <cprec>
            <name>.data</name>
            <load_address>0x1b40</load_address>
            <load_size>0x6b</load_size>
            <run_address>0x20000448</run_address>
            <run_size>0x1e4</run_size>
            <compression>lzss</compression>
         </cprec>
         <cprec>
            <name>.bss</name>
            <load_address>0x1bb8</load_address>
            <load_size>0x8</load_size>
            <run_address>0x20000000</run_address>
            <run_size>0x248</run_size>
            <compression>zero_init</compression>
         </cprec>
      </cptbl>
   </cptbl_list>
   <handler_table>
      <handler_table_name>__TI_handler_table</handler_table_name>
      <handler>
         <index>0x0</index>
         <name>__TI_decompress_lzss</name>
      </handler>
      <handler>
         <index>0x1</index>
         <name>__TI_decompress_none</name>
      </handler>
      <handler>
         <index>0x2</index>
         <name>__TI_zero_init</name>
      </handler>
   </handler_table>
   <symbol_table>
      <symbol id="sm-1">
         <name>__STACK_TOP</name>
         <value>0x20000448</value>
      </symbol>
      <symbol id="sm-2">
         <name>__start___llvm_prf_cnts</name>
         <value>0x20000000</value>
      </symbol>
      <symbol id="sm-3">
         <name>__stop___llvm_prf_cnts</name>
         <value>0x20000000</value>
      </symbol>
      <symbol id="sm-4">
         <name>__TI_CINIT_Base</name>
         <value>0x1bc0</value>
      </symbol>
      <symbol id="sm-5">
         <name>__TI_CINIT_Limit</name>
         <value>0x1bd0</value>
      </symbol>
      <symbol id="sm-6">
         <name>__TI_Handler_Table_Base</name>
         <value>0x1bac</value>
      </symbol>
      <symbol id="sm-7">
         <name>__TI_Handler_Table_Limit</name>
         <value>0x1bb8</value>
      </symbol>
      <symbol id="sm-8">
         <name>binit</name>
         <value>0xffffffff</value>
      </symbol>
      <symbol id="sm-9">
         <name>__binit__</name>
         <value>0xffffffff</value>
      </symbol>
      <symbol id="sm-a">
         <name>__STACK_SIZE</name>
         <value>0x200</value>
      </symbol>
      <symbol id="sm-b">
         <name>__STACK_END</name>
         <value>0x20000448</value>
      </symbol>
      <symbol id="sm-c">
         <name>__SYSMEM_SIZE</name>
         <value>0x10</value>
      </symbol>
      <symbol id="sm-d">
         <name>__c_args__</name>
         <value>0xffffffff</value>
      </symbol>
      <symbol id="sm-e">
         <name>__TI_pprof_out_hndl</name>
         <value>0xffffffff</value>
      </symbol>
      <symbol id="sm-f">
         <name>__TI_prof_data_start</name>
         <value>0xffffffff</value>
      </symbol>
      <symbol id="sm-10">
         <name>__TI_prof_data_size</name>
         <value>0xffffffff</value>
      </symbol>
      <symbol id="sm-e1">
         <name>buildSPIarray</name>
         <value>0x13a9</value>
         <object_component_ref idref="oc-1de"/>
      </symbol>
      <symbol id="sm-e2">
         <name>writeSingleRegister</name>
         <value>0xaa5</value>
         <object_component_ref idref="oc-18b"/>
      </symbol>
      <symbol id="sm-e3">
         <name>restoreRegisterDefaults</name>
         <value>0x129d</value>
         <object_component_ref idref="oc-17f"/>
      </symbol>
      <symbol id="sm-e4">
         <name>getWordByteLength</name>
         <value>0x1a01</value>
         <object_component_ref idref="oc-24b"/>
      </symbol>
      <symbol id="sm-e5">
         <name>combineBytes</name>
         <value>0x1a9b</value>
         <object_component_ref idref="oc-1f0"/>
      </symbol>
      <symbol id="sm-e6">
         <name>adcStartup</name>
         <value>0x17d1</value>
         <object_component_ref idref="oc-103"/>
      </symbol>
      <symbol id="sm-e7">
         <name>enforce_selected_device_modes</name>
         <value>0x1a8f</value>
         <object_component_ref idref="oc-1f7"/>
      </symbol>
      <symbol id="sm-e8">
         <name>readSingleRegister</name>
         <value>0xb61</value>
         <object_component_ref idref="oc-203"/>
      </symbol>
      <symbol id="sm-e9">
         <name>lowerByte</name>
         <value>0x1acb</value>
         <object_component_ref idref="oc-257"/>
      </symbol>
      <symbol id="sm-ea">
         <name>upperByte</name>
         <value>0x1abd</value>
         <object_component_ref idref="oc-251"/>
      </symbol>
      <symbol id="sm-eb">
         <name>getRegisterValue</name>
         <value>0x1049</value>
         <object_component_ref idref="oc-245"/>
      </symbol>
      <symbol id="sm-ec">
         <name>sendCommand</name>
         <value>0x201</value>
         <object_component_ref idref="oc-185"/>
      </symbol>
      <symbol id="sm-103">
         <name>main</name>
         <value>0x10b1</value>
         <object_component_ref idref="oc-b8"/>
      </symbol>
      <symbol id="sm-159">
         <name>setSYNC_RESET</name>
         <value>0x194d</value>
         <object_component_ref idref="oc-173"/>
      </symbol>
      <symbol id="sm-15a">
         <name>delay_us</name>
         <value>0x1929</value>
         <object_component_ref idref="oc-1cd"/>
      </symbol>
      <symbol id="sm-15b">
         <name>spiSendReceiveByte</name>
         <value>0x1691</value>
         <object_component_ref idref="oc-1ea"/>
      </symbol>
      <symbol id="sm-15c">
         <name>delay_ms</name>
         <value>0x1905</value>
         <object_component_ref idref="oc-16d"/>
      </symbol>
      <symbol id="sm-15d">
         <name>toggleRESET</name>
         <value>0x15a1</value>
         <object_component_ref idref="oc-179"/>
      </symbol>
      <symbol id="sm-15e">
         <name>spiSendReceiveArrays</name>
         <value>0xda5</value>
         <object_component_ref idref="oc-1fd"/>
      </symbol>
      <symbol id="sm-15f">
         <name>setCS</name>
         <value>0x15e5</value>
         <object_component_ref idref="oc-1e4"/>
      </symbol>
      <symbol id="sm-195">
         <name>ResetISR</name>
         <value>0x1ab1</value>
         <object_component_ref idref="oc-2b"/>
      </symbol>
      <symbol id="sm-196">
         <name>g_pfnVectors</name>
         <value>0x0</value>
         <object_component_ref idref="oc-13"/>
      </symbol>
      <symbol id="sm-1c4">
         <name>GPIOPinTypeGPIOOutput</name>
         <value>0x19e5</value>
         <object_component_ref idref="oc-fd"/>
      </symbol>
      <symbol id="sm-1c5">
         <name>GPIODirModeSet</name>
         <value>0x1835</value>
         <object_component_ref idref="oc-165"/>
      </symbol>
      <symbol id="sm-1c6">
         <name>GPIOPinWrite</name>
         <value>0x1aab</value>
         <object_component_ref idref="oc-109"/>
      </symbol>
      <symbol id="sm-1c7">
         <name>GPIOPadConfigSet</name>
         <value>0x459</value>
         <object_component_ref idref="oc-15f"/>
      </symbol>
      <symbol id="sm-1d6">
         <name>SSIDataGetNonBlocking</name>
         <value>0x1a6f</value>
         <object_component_ref idref="oc-260"/>
      </symbol>
      <symbol id="sm-21e">
         <name>SysCtlDelay</name>
         <value>0x1ab7</value>
         <object_component_ref idref="oc-25e"/>
      </symbol>
      <symbol id="sm-21f">
         <name>SysCtlPeripheralEnable</name>
         <value>0x1701</value>
         <object_component_ref idref="oc-f1"/>
      </symbol>
      <symbol id="sm-220">
         <name>SysCtlClockGet</name>
         <value>0x5c5</value>
         <object_component_ref idref="oc-1c4"/>
      </symbol>
      <symbol id="sm-221">
         <name>SysCtlPeripheralReady</name>
         <value>0x1621</value>
         <object_component_ref idref="oc-f7"/>
      </symbol>
      <symbol id="sm-231">
         <name>__aeabi_memset</name>
         <value>0xe23</value>
         <object_component_ref idref="oc-ac"/>
      </symbol>
      <symbol id="sm-232">
         <name>memset</name>
         <value>0xe29</value>
         <object_component_ref idref="oc-ac"/>
      </symbol>
      <symbol id="sm-233">
         <name>__aeabi_memset8</name>
         <value>0xe23</value>
         <object_component_ref idref="oc-ac"/>
      </symbol>
      <symbol id="sm-234">
         <name>__aeabi_memset4</name>
         <value>0xe23</value>
         <object_component_ref idref="oc-ac"/>
      </symbol>
      <symbol id="sm-235">
         <name>__aeabi_memclr8</name>
         <value>0xe21</value>
         <object_component_ref idref="oc-ac"/>
      </symbol>
      <symbol id="sm-236">
         <name>__aeabi_memclr4</name>
         <value>0xe21</value>
         <object_component_ref idref="oc-ac"/>
      </symbol>
      <symbol id="sm-237">
         <name>__aeabi_memclr</name>
         <value>0xe21</value>
         <object_component_ref idref="oc-ac"/>
      </symbol>
      <symbol id="sm-250">
         <name>__TI_zero_init_nomemset</name>
         <value>0x19ad</value>
         <object_component_ref idref="oc-5d"/>
      </symbol>
      <symbol id="sm-267">
         <name>__TI_decompress_none</name>
         <value>0x1a81</value>
         <object_component_ref idref="oc-1c"/>
      </symbol>
      <symbol id="sm-28a">
         <name>__TI_decompress_lzss</name>
         <value>0xfe1</value>
         <object_component_ref idref="oc-16"/>
      </symbol>
      <symbol id="sm-29e">
         <name>_abort_msg</name>
         <value>0x1991</value>
         <object_component_ref idref="oc-1d8"/>
      </symbol>
      <symbol id="sm-2b3">
         <name>__TI_tmpnams</name>
         <value>0x20000120</value>
      </symbol>
      <symbol id="sm-2b4">
         <name>__aeabi_stdout</name>
         <value>0x20000608</value>
         <object_component_ref idref="oc-29c"/>
      </symbol>
      <symbol id="sm-2b5">
         <name>__aeabi_stderr</name>
         <value>0x2000060c</value>
         <object_component_ref idref="oc-29c"/>
      </symbol>
      <symbol id="sm-2b6">
         <name>__aeabi_stdin</name>
         <value>0x20000604</value>
         <object_component_ref idref="oc-29c"/>
      </symbol>
      <symbol id="sm-2b7">
         <name>_ftable</name>
         <value>0x20000448</value>
         <object_component_ref idref="oc-240"/>
      </symbol>
      <symbol id="sm-2b8">
         <name>__TI_ft_end</name>
         <value>0x20000600</value>
         <object_component_ref idref="oc-29c"/>
      </symbol>
      <symbol id="sm-2cb">
         <name>__stack</name>
         <value>0x20000248</value>
         <object_component_ref idref="oc-25"/>
      </symbol>
      <symbol id="sm-2cc">
         <name>_c_int00_noargs</name>
         <value>0x179d</value>
         <object_component_ref idref="oc-6f"/>
      </symbol>
      <symbol id="sm-2ed">
         <name>__TI_doflush</name>
         <value>0x13fb</value>
         <object_component_ref idref="oc-28e"/>
      </symbol>
      <symbol id="sm-2ee">
         <name>fflush</name>
         <value>0xcad</value>
         <object_component_ref idref="oc-23a"/>
      </symbol>
      <symbol id="sm-30c">
         <name>fputs</name>
         <value>0x6dd</value>
         <object_component_ref idref="oc-234"/>
      </symbol>
      <symbol id="sm-324">
         <name>__TI_wrt_ok</name>
         <value>0x117d</value>
         <object_component_ref idref="oc-27c"/>
      </symbol>
      <symbol id="sm-340">
         <name>setvbuf</name>
         <value>0x9c9</value>
         <object_component_ref idref="oc-2bb"/>
      </symbol>
      <symbol id="sm-35b">
         <name>memcpy</name>
         <value>0xc11</value>
         <object_component_ref idref="oc-51"/>
      </symbol>
      <symbol id="sm-35c">
         <name>__aeabi_memcpy</name>
         <value>0xc11</value>
         <object_component_ref idref="oc-51"/>
      </symbol>
      <symbol id="sm-35d">
         <name>__aeabi_memcpy8</name>
         <value>0xc11</value>
         <object_component_ref idref="oc-51"/>
      </symbol>
      <symbol id="sm-35e">
         <name>__aeabi_memcpy4</name>
         <value>0xc11</value>
         <object_component_ref idref="oc-51"/>
      </symbol>
      <symbol id="sm-386">
         <name>__TI_auto_init_nobinit_nopinit</name>
         <value>0x1519</value>
         <object_component_ref idref="oc-11e"/>
      </symbol>
      <symbol id="sm-390">
         <name>_system_pre_init</name>
         <value>0x1ac3</value>
         <object_component_ref idref="oc-b2"/>
      </symbol>
      <symbol id="sm-3b7">
         <name>C$$EXIT</name>
         <value>0x1ac7</value>
         <object_component_ref idref="oc-112"/>
      </symbol>
      <symbol id="sm-3b8">
         <name>abort</name>
         <value>0x1ac7</value>
         <object_component_ref idref="oc-112"/>
      </symbol>
      <symbol id="sm-3b9">
         <name>__TI_dtors_ptr</name>
         <value>0x20000614</value>
         <object_component_ref idref="oc-196"/>
      </symbol>
      <symbol id="sm-3ba">
         <name>__TI_cleanup_ptr</name>
         <value>0x20000610</value>
         <object_component_ref idref="oc-196"/>
      </symbol>
      <symbol id="sm-3bb">
         <name>__TI_enable_exit_profile_output</name>
         <value>0x20000618</value>
         <object_component_ref idref="oc-196"/>
      </symbol>
      <symbol id="sm-3bc">
         <name>exit</name>
         <value>0x1449</value>
         <object_component_ref idref="oc-118"/>
      </symbol>
      <symbol id="sm-3d1">
         <name>_nop</name>
         <value>0x1447</value>
         <object_component_ref idref="oc-20c"/>
      </symbol>
      <symbol id="sm-3d2">
         <name>_lock</name>
         <value>0x2000061c</value>
         <object_component_ref idref="oc-199"/>
      </symbol>
      <symbol id="sm-3d3">
         <name>_unlock</name>
         <value>0x20000620</value>
         <object_component_ref idref="oc-199"/>
      </symbol>
      <symbol id="sm-3e4">
         <name>memchr</name>
         <value>0x1971</value>
         <object_component_ref idref="oc-288"/>
      </symbol>
      <symbol id="sm-46b">
         <name>_sys_memory</name>
         <value>0x20000630</value>
         <object_component_ref idref="oc-28"/>
      </symbol>
      <symbol id="sm-46c">
         <name>free</name>
         <value>0x8e1</value>
         <object_component_ref idref="oc-2e1"/>
      </symbol>
      <symbol id="sm-46d">
         <name>memalign</name>
         <value>0x7f1</value>
         <object_component_ref idref="oc-323"/>
      </symbol>
      <symbol id="sm-46e">
         <name>malloc</name>
         <value>0x1aa3</value>
         <object_component_ref idref="oc-2e7"/>
      </symbol>
      <symbol id="sm-46f">
         <name>aligned_alloc</name>
         <value>0x7f1</value>
         <object_component_ref idref="oc-323"/>
      </symbol>
      <symbol id="sm-47d">
         <name>strlen</name>
         <value>0x1a5b</value>
         <object_component_ref idref="oc-282"/>
      </symbol>
      <symbol id="sm-497">
         <name>write</name>
         <value>0x18dd</value>
         <object_component_ref idref="oc-294"/>
      </symbol>
      <symbol id="sm-4a8">
         <name>_stream</name>
         <value>0x200005b0</value>
         <object_component_ref idref="oc-2c8"/>
      </symbol>
      <symbol id="sm-4a9">
         <name>_device</name>
         <value>0x20000538</value>
         <object_component_ref idref="oc-300"/>
      </symbol>
      <symbol id="sm-4b9">
         <name>__TI_cleanup</name>
         <value>0x1735</value>
         <object_component_ref idref="oc-2ed"/>
      </symbol>
      <symbol id="sm-4cb">
         <name>fseek</name>
         <value>0x1119</value>
         <object_component_ref idref="oc-2b5"/>
      </symbol>
      <symbol id="sm-4dc">
         <name>HOSTclose</name>
         <value>0x1491</value>
         <object_component_ref idref="oc-339"/>
      </symbol>
      <symbol id="sm-4ed">
         <name>HOSTlseek</name>
         <value>0xf11</value>
         <object_component_ref idref="oc-34b"/>
      </symbol>
      <symbol id="sm-4ff">
         <name>parmbuf</name>
         <value>0x20000240</value>
      </symbol>
      <symbol id="sm-500">
         <name>HOSTopen</name>
         <value>0x11e1</value>
         <object_component_ref idref="oc-333"/>
      </symbol>
      <symbol id="sm-511">
         <name>HOSTread</name>
         <value>0x12f9</value>
         <object_component_ref idref="oc-33f"/>
      </symbol>
      <symbol id="sm-522">
         <name>HOSTrename</name>
         <value>0xf79</value>
         <object_component_ref idref="oc-357"/>
      </symbol>
      <symbol id="sm-533">
         <name>HOSTunlink</name>
         <value>0x14d5</value>
         <object_component_ref idref="oc-351"/>
      </symbol>
      <symbol id="sm-544">
         <name>HOSTwrite</name>
         <value>0x1351</value>
         <object_component_ref idref="oc-345"/>
      </symbol>
      <symbol id="sm-568">
         <name>__TI_readmsg</name>
         <value>0x1769</value>
         <object_component_ref idref="oc-384"/>
      </symbol>
      <symbol id="sm-569">
         <name>C$$IO$$</name>
         <value>0x1687</value>
         <object_component_ref idref="oc-37e"/>
      </symbol>
      <symbol id="sm-56a">
         <name>__CIOBUF_</name>
         <value>0x20000000</value>
         <object_component_ref idref="oc-3af"/>
      </symbol>
      <symbol id="sm-56b">
         <name>__TI_writemsg</name>
         <value>0x1659</value>
         <object_component_ref idref="oc-37e"/>
      </symbol>
      <symbol id="sm-57c">
         <name>lseek</name>
         <value>0x18b5</value>
         <object_component_ref idref="oc-2d9"/>
      </symbol>
      <symbol id="sm-591">
         <name>__TI_closefile</name>
         <value>0xe9d</value>
         <object_component_ref idref="oc-32a"/>
      </symbol>
      <symbol id="sm-5b9">
         <name>finddevice</name>
         <value>0x1805</value>
         <object_component_ref idref="oc-3d3"/>
      </symbol>
      <symbol id="sm-5ba">
         <name>getdevice</name>
         <value>0x155d</value>
         <object_component_ref idref="oc-3a5"/>
      </symbol>
      <symbol id="sm-5ca">
         <name>strchr</name>
         <value>0x1a31</value>
         <object_component_ref idref="oc-3c7"/>
      </symbol>
      <symbol id="sm-5d9">
         <name>strcmp</name>
         <value>0x1a19</value>
         <object_component_ref idref="oc-3ec"/>
      </symbol>
      <symbol id="sm-5e7">
         <name>strcpy</name>
         <value>0x1a47</value>
         <object_component_ref idref="oc-398"/>
      </symbol>
      <symbol id="sm-5f7">
         <name>strncpy</name>
         <value>0x16c9</value>
         <object_component_ref idref="oc-3cd"/>
      </symbol>
      <symbol id="sm-60c">
         <name>close</name>
         <value>0x1241</value>
         <object_component_ref idref="oc-36f"/>
      </symbol>
      <symbol id="sm-61c">
         <name>unlink</name>
         <value>0x1861</value>
         <object_component_ref idref="oc-375"/>
      </symbol>
      <symbol id="sm-61d">
         <name>__TI_static_base__</name>
         <value>0x0</value>
      </symbol>
      <symbol id="sm-620">
         <name>__mpu_init</name>
         <value>0x0</value>
      </symbol>
      <symbol id="sm-621">
         <name>_system_post_cinit</name>
         <value>0x0</value>
      </symbol>
      <symbol id="sm-622">
         <name>getSysClockHz</name>
         <value>0x5c5</value>
      </symbol>
      <symbol id="sm-623">
         <name>remove</name>
         <value>0x1861</value>
      </symbol>
   </symbol_table>
   <title>Link successful</title>
</link_info>
