******************************************************************************
                  TI ARM Linker PC v19.6.0                     
******************************************************************************
>> Linked Mon Apr 21 11:31:48 2025

OUTPUT FILE NAME:   <blinky.out>
ENTRY POINT SYMBOL: "_c_int00_noargs"  address: 0000179d


MEMORY CONFIGURATION

         name            origin    length      used     unused   attr    fill
----------------------  --------  ---------  --------  --------  ----  --------
  FLASH                 00000000   00100000  00001bce  000fe432  R  X
  SRAM                  20000000   00040000  0000063c  0003f9c4  RW X


SEGMENT ALLOCATION MAP

run origin  load origin   length   init length attrs members
----------  ----------- ---------- ----------- ----- -------
00000000    00000000    00001bd0   00001bd0    r-x
  00000000    00000000    00000200   00000200    r-- .intvecs
  00000200    00000200    000018ce   000018ce    r-x .text
  00001ad0    00001ad0    00000070   00000070    r-- .const
  00001b40    00001b40    00000090   00000090    r-- .cinit
20000000    20000000    00000640   00000000    rw-
  20000000    20000000    00000248   00000000    rw- .bss
  20000248    20000248    00000200   00000000    rw- .stack
  20000448    20000448    000001e4   00000000    rw- .data
  20000630    20000630    00000010   00000000    rw- .sysmem


SECTION ALLOCATION MAP

 output                                  attributes/
section   page    origin      length       input sections
--------  ----  ----------  ----------   ----------------
.intvecs   0    00000000    00000200     
                  00000000    00000200     startup_ccs.obj (.intvecs)

.text      0    00000200    000018ce     
                  00000200    00000256     ads131m0x.obj (.text:sendCommand)
                  00000456    00000002     startup_ccs.obj (.text:FaultISR)
                  00000458    0000016c     driverlib.lib : gpio.obj (.text:GPIOPadConfigSet)
                  000005c4    00000118                   : sysctl.obj (.text:SysCtlClockGet)
                  000006dc    00000114     rtsv7M4_T_le_v4SPD16_eabi.lib : fputs.c.obj (.text:fputs)
                  000007f0    000000f0                                   : memory.c.obj (.text:aligned_alloc)
                  000008e0    000000e8                                   : memory.c.obj (.text:free)
                  000009c8    000000dc                                   : setvbuf.c.obj (.text:setvbuf)
                  00000aa4    000000bc     ads131m0x.obj (.text:writeSingleRegister)
                  00000b60    000000b0     ads131m0x.obj (.text:readSingleRegister)
                  00000c10    0000009c     rtsv7M4_T_le_v4SPD16_eabi.lib : memcpy_t2.asm.obj (.text)
                  00000cac    0000007c                                   : fflush.c.obj (.text:fflush)
                  00000d28    0000007c                                   : memory.c.obj (.text:split)
                  00000da4    0000007b     hal.obj (.text:spiSendReceiveArrays)
                  00000e1f    00000001     --HOLE-- [fill = 0]
                  00000e20    0000007a     rtsv7M4_T_le_v4SPD16_eabi.lib : memset_t2.asm.obj (.text)
                  00000e9a    00000002     startup_ccs.obj (.text:IntDefaultHandler)
                  00000e9c    00000074     rtsv7M4_T_le_v4SPD16_eabi.lib : fclose.c.obj (.text:__TI_closefile)
                  00000f10    00000068                                   : hostlseek.c.obj (.text:HOSTlseek)
                  00000f78    00000068                                   : hostrename.c.obj (.text:HOSTrename)
                  00000fe0    00000068                                   : copy_decompress_lzss.c.obj (.text:decompress:lzss:__TI_decompress_lzss)
                  00001048    00000068     ads131m0x.obj (.text:getRegisterValue)
                  000010b0    00000068     blinky.obj (.text:main)
                  00001118    00000064     rtsv7M4_T_le_v4SPD16_eabi.lib : fseek.c.obj (.text:fseek)
                  0000117c    00000062                                   : _io_perm.c.obj (.text:__TI_wrt_ok)
                  000011de    00000002     startup_ccs.obj (.text:NmiSR)
                  000011e0    00000060     rtsv7M4_T_le_v4SPD16_eabi.lib : hostopen.c.obj (.text:HOSTopen)
                  00001240    0000005c                                   : close.c.obj (.text:close)
                  0000129c    0000005c     ads131m0x.obj (.text:restoreRegisterDefaults)
                  000012f8    00000058     rtsv7M4_T_le_v4SPD16_eabi.lib : hostread.c.obj (.text:HOSTread)
                  00001350    00000058                                   : hostwrite.c.obj (.text:HOSTwrite)
                  000013a8    00000052     ads131m0x.obj (.text:buildSPIarray)
                  000013fa    0000004c     rtsv7M4_T_le_v4SPD16_eabi.lib : fflush.c.obj (.text:__TI_doflush)
                  00001446    00000002                                   : _lock.c.obj (.text:_nop)
                  00001448    00000048                                   : exit.c.obj (.text:exit)
                  00001490    00000044                                   : hostclose.c.obj (.text:HOSTclose)
                  000014d4    00000044                                   : hostunlink.c.obj (.text:HOSTunlink)
                  00001518    00000044                                   : autoinit.c.obj (.text:__TI_auto_init_nobinit_nopinit:__TI_auto_init_nobinit_nopinit)
                  0000155c    00000044                                   : getdevice.c.obj (.text:getdevice)
                  000015a0    00000044     hal.obj (.text:toggleRESET)
                  000015e4    0000003c     hal.obj (.text:setCS)
                  00001620    00000038     driverlib.lib : sysctl.obj (.text:SysCtlPeripheralReady)
                  00001658    00000038     rtsv7M4_T_le_v4SPD16_eabi.lib : trgmsg.c.obj (.text:__TI_writemsg)
                  00001690    00000038     hal.obj (.text:spiSendReceiveByte)
                  000016c8    00000036     rtsv7M4_T_le_v4SPD16_eabi.lib : strncpy.c.obj (.text:strncpy)
                  000016fe    00000002     --HOLE-- [fill = 0]
                  00001700    00000034     driverlib.lib : sysctl.obj (.text:SysCtlPeripheralEnable)
                  00001734    00000034     rtsv7M4_T_le_v4SPD16_eabi.lib : fopen.c.obj (.text:__TI_cleanup)
                  00001768    00000034                                   : trgmsg.c.obj (.text:__TI_readmsg)
                  0000179c    00000034                                   : boot_cortex_m.c.obj (.text:_c_int00_noargs:_c_int00_noargs)
                  000017d0    00000032     ads131m0x.obj (.text:adcStartup)
                  00001802    00000002     --HOLE-- [fill = 0]
                  00001804    00000030     rtsv7M4_T_le_v4SPD16_eabi.lib : getdevice.c.obj (.text:finddevice)
                  00001834    0000002c     driverlib.lib : gpio.obj (.text:GPIODirModeSet)
                  00001860    0000002c     rtsv7M4_T_le_v4SPD16_eabi.lib : unlink.c.obj (.text:unlink)
                  0000188c    00000028                                   : memory.c.obj (.text:free_list_insert)
                  000018b4    00000028                                   : lseek.c.obj (.text:lseek)
                  000018dc    00000028                                   : write.c.obj (.text:write)
                  00001904    00000024     hal.obj (.text:delay_ms)
                  00001928    00000024     hal.obj (.text:delay_us)
                  0000194c    00000024     hal.obj (.text:setSYNC_RESET)
                  00001970    00000020     rtsv7M4_T_le_v4SPD16_eabi.lib : memchr.c.obj (.text:memchr)
                  00001990    0000001c                                   : assert.c.obj (.text:_abort_msg)
                  000019ac    0000001c                                   : copy_zero_init.c.obj (.text:decompress:ZI:__TI_zero_init_nomemset:__TI_zero_init_nomemset)
                  000019c8    0000001c                                   : memory.c.obj (.text:free_list_remove)
                  000019e4    0000001a     driverlib.lib : gpio.obj (.text:GPIOPinTypeGPIOOutput)
                  000019fe    00000002     --HOLE-- [fill = 0]
                  00001a00    00000018     ads131m0x.obj (.text:getWordByteLength)
                  00001a18    00000018     rtsv7M4_T_le_v4SPD16_eabi.lib : strcmp.c.obj (.text:strcmp)
                  00001a30    00000016                                   : strchr.c.obj (.text:strchr)
                  00001a46    00000014                                   : strcpy.c.obj (.text:strcpy)
                  00001a5a    00000014                                   : strlen.c.obj (.text:strlen)
                  00001a6e    00000012     driverlib.lib : ssi.obj (.text:SSIDataGetNonBlocking)
                  00001a80    0000000e     rtsv7M4_T_le_v4SPD16_eabi.lib : copy_decompress_none.c.obj (.text:decompress:none:__TI_decompress_none)
                  00001a8e    0000000c     ads131m0x.obj (.text:enforce_selected_device_modes)
                  00001a9a    00000008     ads131m0x.obj (.text:combineBytes)
                  00001aa2    00000008     rtsv7M4_T_le_v4SPD16_eabi.lib : memory.c.obj (.text:malloc)
                  00001aaa    00000006     driverlib.lib : gpio.obj (.text:GPIOPinWrite)
                  00001ab0    00000006     startup_ccs.obj (.text:ResetISR)
                  00001ab6    00000006     driverlib.lib : sysctl.obj (.text:SysCtlDelay)
                  00001abc    00000006     ads131m0x.obj (.text:upperByte)
                  00001ac2    00000004     rtsv7M4_T_le_v4SPD16_eabi.lib : pre_init.c.obj (.text:_system_pre_init)
                  00001ac6    00000004                                   : exit.c.obj (.text:abort:abort)
                  00001aca    00000004     ads131m0x.obj (.text:lowerByte)

.const     0    00001ad0    00000070     
                  00001ad0    0000006c     driverlib.lib : sysctl.obj (.const:g_pui32Xtals)
                  00001b3c    00000004     ads131m0x.obj (.const:.string:wlength_byte_values)

.cinit     0    00001b40    00000090     
                  00001b40    0000006b     (.cinit..data.load) [load image, compression = lzss]
                  00001bab    00000001     --HOLE-- [fill = 0]
                  00001bac    0000000c     (__TI_handler_table)
                  00001bb8    00000008     (.cinit..bss.load) [load image, compression = zero_init]
                  00001bc0    00000010     (__TI_cinit_table)

.init_array 
*          0    00000000    00000000     UNINITIALIZED

.bss       0    20000000    00000248     UNINITIALIZED
                  20000000    00000120     rtsv7M4_T_le_v4SPD16_eabi.lib : trgmsg.c.obj (.bss:_CIOBUF_)
                  20000120    000000a0     (.common:__TI_tmpnams)
                  200001c0    00000080     ads131m0x.obj (.bss:registerMap)
                  20000240    00000008     (.common:parmbuf)

.stack     0    20000248    00000200     UNINITIALIZED
                  20000248    00000004     rtsv7M4_T_le_v4SPD16_eabi.lib : boot_cortex_m.c.obj (.stack)
                  2000024c    000001fc     --HOLE--

.data      0    20000448    000001e4     UNINITIALIZED
                  20000448    000000f0     rtsv7M4_T_le_v4SPD16_eabi.lib : defs.c.obj (.data:_ftable)
                  20000538    00000078                                   : host_device.c.obj (.data:_device)
                  200005b0    00000050                                   : host_device.c.obj (.data:_stream)
                  20000600    00000010                                   : defs.c.obj (.data)
                  20000610    0000000c                                   : exit.c.obj (.data:$O1$$)
                  2000061c    00000008                                   : _lock.c.obj (.data:$O1$$)
                  20000624    00000008                                   : memory.c.obj (.data:$O1$$)

.sysmem    0    20000630    00000010     UNINITIALIZED
                  20000630    00000010     rtsv7M4_T_le_v4SPD16_eabi.lib : memory.c.obj (.sysmem)

__llvm_prf_cnts 
*          0    20000000    00000000     UNINITIALIZED

.binit     0    00000000    00000000     

MODULE SUMMARY

       Module                       code   ro data   rw data
       ------                       ----   -------   -------
    .\
       ads131m0x.obj                1344   4         128    
       startup_ccs.obj              12     512       0      
       hal.obj                      415    0         0      
       blinky.obj                   104    0         0      
    +--+----------------------------+------+---------+---------+
       Total:                       1875   516       128    
                                                            
    C:/ti/TivaWare_C_Series-2.2.0.295/driverlib/ccs/Debug/driverlib.lib
       sysctl.obj                   394    108       0      
       gpio.obj                     440    0         0      
       ssi.obj                      18     0         0      
    +--+----------------------------+------+---------+---------+
       Total:                       852    108       0      
                                                            
    C:\ti\drivers\ARM Code Generation Tools v19.6.0.STS\lib\rtsv7M4_T_le_v4SPD16_eabi.lib
       memory.c.obj                 672    0         8      
       defs.c.obj                   0      0         416    
       trgmsg.c.obj                 108    0         288    
       fputs.c.obj                  276    0         0      
       setvbuf.c.obj                220    0         0      
       fflush.c.obj                 200    0         0      
       host_device.c.obj            0      0         200    
       memcpy_t2.asm.obj            156    0         0      
       memset_t2.asm.obj            122    0         0      
       fclose.c.obj                 116    0         0      
       getdevice.c.obj              116    0         0      
       copy_decompress_lzss.c.obj   104    0         0      
       hostlseek.c.obj              104    0         0      
       hostopen.c.obj               96     0         8      
       hostrename.c.obj             104    0         0      
       fseek.c.obj                  100    0         0      
       _io_perm.c.obj               98     0         0      
       close.c.obj                  92     0         0      
       exit.c.obj                   76     0         12     
       hostread.c.obj               88     0         0      
       hostwrite.c.obj              88     0         0      
       autoinit.c.obj               68     0         0      
       hostclose.c.obj              68     0         0      
       hostunlink.c.obj             68     0         0      
       strncpy.c.obj                54     0         0      
       boot_cortex_m.c.obj          52     0         0      
       fopen.c.obj                  52     0         0      
       unlink.c.obj                 44     0         0      
       lseek.c.obj                  40     0         0      
       write.c.obj                  40     0         0      
       memchr.c.obj                 32     0         0      
       assert.c.obj                 28     0         0      
       copy_zero_init.c.obj         28     0         0      
       strcmp.c.obj                 24     0         0      
       strchr.c.obj                 22     0         0      
       strcpy.c.obj                 20     0         0      
       strlen.c.obj                 20     0         0      
       copy_decompress_none.c.obj   14     0         0      
       _lock.c.obj                  2      0         8      
       pre_init.c.obj               4      0         0      
    +--+----------------------------+------+---------+---------+
       Total:                       3616   0         940    
                                                            
       Heap:                        0      0         16     
       Stack:                       0      0         512    
       Linker Generated:            0      143       0      
    +--+----------------------------+------+---------+---------+
       Grand Total:                 6343   767       1596   


LINKER GENERATED COPY TABLES

__TI_cinit_table @ 00001bc0 records: 2, size/record: 8, table size: 16
	.data: load addr=00001b40, load size=0000006b bytes, run addr=20000448, run size=000001e4 bytes, compression=lzss
	.bss: load addr=00001bb8, load size=00000008 bytes, run addr=20000000, run size=00000248 bytes, compression=zero_init


LINKER GENERATED HANDLER TABLE

__TI_handler_table @ 00001bac records: 3, size/record: 4, table size: 12
	index: 0, handler: __TI_decompress_lzss
	index: 1, handler: __TI_decompress_none
	index: 2, handler: __TI_zero_init


GLOBAL SYMBOLS: SORTED ALPHABETICALLY BY Name 

address   name                           
-------   ----                           
00001ac7  C$$EXIT                        
00001687  C$$IO$$                        
00001835  GPIODirModeSet                 
00000459  GPIOPadConfigSet               
000019e5  GPIOPinTypeGPIOOutput          
00001aab  GPIOPinWrite                   
00001491  HOSTclose                      
00000f11  HOSTlseek                      
000011e1  HOSTopen                       
000012f9  HOSTread                       
00000f79  HOSTrename                     
000014d5  HOSTunlink                     
00001351  HOSTwrite                      
00001ab1  ResetISR                       
00001a6f  SSIDataGetNonBlocking          
000005c5  SysCtlClockGet                 
00001ab7  SysCtlDelay                    
00001701  SysCtlPeripheralEnable         
00001621  SysCtlPeripheralReady          
20000000  __CIOBUF_                      
20000448  __STACK_END                    
00000200  __STACK_SIZE                   
20000448  __STACK_TOP                    
00000010  __SYSMEM_SIZE                  
00001bc0  __TI_CINIT_Base                
00001bd0  __TI_CINIT_Limit               
00001bac  __TI_Handler_Table_Base        
00001bb8  __TI_Handler_Table_Limit       
00001519  __TI_auto_init_nobinit_nopinit 
00001735  __TI_cleanup                   
20000610  __TI_cleanup_ptr               
00000e9d  __TI_closefile                 
00000fe1  __TI_decompress_lzss           
00001a81  __TI_decompress_none           
000013fb  __TI_doflush                   
20000614  __TI_dtors_ptr                 
20000618  __TI_enable_exit_profile_output
20000600  __TI_ft_end                    
ffffffff  __TI_pprof_out_hndl            
ffffffff  __TI_prof_data_size            
ffffffff  __TI_prof_data_start           
00001769  __TI_readmsg                   
00000000  __TI_static_base__             
20000120  __TI_tmpnams                   
00001659  __TI_writemsg                  
0000117d  __TI_wrt_ok                    
000019ad  __TI_zero_init_nomemset        
00000e21  __aeabi_memclr                 
00000e21  __aeabi_memclr4                
00000e21  __aeabi_memclr8                
00000c11  __aeabi_memcpy                 
00000c11  __aeabi_memcpy4                
00000c11  __aeabi_memcpy8                
00000e23  __aeabi_memset                 
00000e23  __aeabi_memset4                
00000e23  __aeabi_memset8                
2000060c  __aeabi_stderr                 
20000604  __aeabi_stdin                  
20000608  __aeabi_stdout                 
ffffffff  __binit__                      
ffffffff  __c_args__                     
UNDEFED   __mpu_init                     
20000248  __stack                        
20000000  __start___llvm_prf_cnts        
20000000  __stop___llvm_prf_cnts         
00001991  _abort_msg                     
0000179d  _c_int00_noargs                
20000538  _device                        
20000448  _ftable                        
2000061c  _lock                          
00001447  _nop                           
200005b0  _stream                        
20000630  _sys_memory                    
UNDEFED   _system_post_cinit             
00001ac3  _system_pre_init               
20000620  _unlock                        
00001ac7  abort                          
000017d1  adcStartup                     
000007f1  aligned_alloc                  
ffffffff  binit                          
000013a9  buildSPIarray                  
00001241  close                          
00001a9b  combineBytes                   
00001905  delay_ms                       
00001929  delay_us                       
00001a8f  enforce_selected_device_modes  
00001449  exit                           
00000cad  fflush                         
00001805  finddevice                     
000006dd  fputs                          
000008e1  free                           
00001119  fseek                          
00000000  g_pfnVectors                   
00001049  getRegisterValue               
000005c5  getSysClockHz                  
00001a01  getWordByteLength              
0000155d  getdevice                      
00001acb  lowerByte                      
000018b5  lseek                          
000010b1  main                           
00001aa3  malloc                         
000007f1  memalign                       
00001971  memchr                         
00000c11  memcpy                         
00000e29  memset                         
20000240  parmbuf                        
00000b61  readSingleRegister             
00001861  remove                         
0000129d  restoreRegisterDefaults        
00000201  sendCommand                    
000015e5  setCS                          
0000194d  setSYNC_RESET                  
000009c9  setvbuf                        
00000da5  spiSendReceiveArrays           
00001691  spiSendReceiveByte             
00001a31  strchr                         
00001a19  strcmp                         
00001a47  strcpy                         
00001a5b  strlen                         
000016c9  strncpy                        
000015a1  toggleRESET                    
00001861  unlink                         
00001abd  upperByte                      
000018dd  write                          
00000aa5  writeSingleRegister            


GLOBAL SYMBOLS: SORTED BY Symbol Address 

address   name                           
-------   ----                           
00000000  __TI_static_base__             
00000000  g_pfnVectors                   
00000010  __SYSMEM_SIZE                  
00000200  __STACK_SIZE                   
00000201  sendCommand                    
00000459  GPIOPadConfigSet               
000005c5  SysCtlClockGet                 
000005c5  getSysClockHz                  
000006dd  fputs                          
000007f1  aligned_alloc                  
000007f1  memalign                       
000008e1  free                           
000009c9  setvbuf                        
00000aa5  writeSingleRegister            
00000b61  readSingleRegister             
00000c11  __aeabi_memcpy                 
00000c11  __aeabi_memcpy4                
00000c11  __aeabi_memcpy8                
00000c11  memcpy                         
00000cad  fflush                         
00000da5  spiSendReceiveArrays           
00000e21  __aeabi_memclr                 
00000e21  __aeabi_memclr4                
00000e21  __aeabi_memclr8                
00000e23  __aeabi_memset                 
00000e23  __aeabi_memset4                
00000e23  __aeabi_memset8                
00000e29  memset                         
00000e9d  __TI_closefile                 
00000f11  HOSTlseek                      
00000f79  HOSTrename                     
00000fe1  __TI_decompress_lzss           
00001049  getRegisterValue               
000010b1  main                           
00001119  fseek                          
0000117d  __TI_wrt_ok                    
000011e1  HOSTopen                       
00001241  close                          
0000129d  restoreRegisterDefaults        
000012f9  HOSTread                       
00001351  HOSTwrite                      
000013a9  buildSPIarray                  
000013fb  __TI_doflush                   
00001447  _nop                           
00001449  exit                           
00001491  HOSTclose                      
000014d5  HOSTunlink                     
00001519  __TI_auto_init_nobinit_nopinit 
0000155d  getdevice                      
000015a1  toggleRESET                    
000015e5  setCS                          
00001621  SysCtlPeripheralReady          
00001659  __TI_writemsg                  
00001687  C$$IO$$                        
00001691  spiSendReceiveByte             
000016c9  strncpy                        
00001701  SysCtlPeripheralEnable         
00001735  __TI_cleanup                   
00001769  __TI_readmsg                   
0000179d  _c_int00_noargs                
000017d1  adcStartup                     
00001805  finddevice                     
00001835  GPIODirModeSet                 
00001861  remove                         
00001861  unlink                         
000018b5  lseek                          
000018dd  write                          
00001905  delay_ms                       
00001929  delay_us                       
0000194d  setSYNC_RESET                  
00001971  memchr                         
00001991  _abort_msg                     
000019ad  __TI_zero_init_nomemset        
000019e5  GPIOPinTypeGPIOOutput          
00001a01  getWordByteLength              
00001a19  strcmp                         
00001a31  strchr                         
00001a47  strcpy                         
00001a5b  strlen                         
00001a6f  SSIDataGetNonBlocking          
00001a81  __TI_decompress_none           
00001a8f  enforce_selected_device_modes  
00001a9b  combineBytes                   
00001aa3  malloc                         
00001aab  GPIOPinWrite                   
00001ab1  ResetISR                       
00001ab7  SysCtlDelay                    
00001abd  upperByte                      
00001ac3  _system_pre_init               
00001ac7  C$$EXIT                        
00001ac7  abort                          
00001acb  lowerByte                      
00001bac  __TI_Handler_Table_Base        
00001bb8  __TI_Handler_Table_Limit       
00001bc0  __TI_CINIT_Base                
00001bd0  __TI_CINIT_Limit               
20000000  __CIOBUF_                      
20000000  __start___llvm_prf_cnts        
20000000  __stop___llvm_prf_cnts         
20000120  __TI_tmpnams                   
20000240  parmbuf                        
20000248  __stack                        
20000448  __STACK_END                    
20000448  __STACK_TOP                    
20000448  _ftable                        
20000538  _device                        
200005b0  _stream                        
20000600  __TI_ft_end                    
20000604  __aeabi_stdin                  
20000608  __aeabi_stdout                 
2000060c  __aeabi_stderr                 
20000610  __TI_cleanup_ptr               
20000614  __TI_dtors_ptr                 
20000618  __TI_enable_exit_profile_output
2000061c  _lock                          
20000620  _unlock                        
20000630  _sys_memory                    
ffffffff  __TI_pprof_out_hndl            
ffffffff  __TI_prof_data_size            
ffffffff  __TI_prof_data_start           
ffffffff  __binit__                      
ffffffff  __c_args__                     
ffffffff  binit                          
UNDEFED   __mpu_init                     
UNDEFED   _system_post_cinit             

[125 symbols]
